Dec 21 22:47:52 peter-x1c kernel: Linux version 6.0.12-arch1-1 (linux@archlinux) (gcc (GCC) 12.2.0, GNU ld (GNU Binutils) 2.39.0) #1 SMP PREEMPT_DYNAMIC Thu, 08 Dec 2022 11:03:38 +0000
Dec 21 22:47:52 peter-x1c kernel: Command line: BOOT_IMAGE=/boot/vmlinuz-linux root=UUID=2b238012-372e-477c-b221-e311f8d11284 rw quiet loglevel=3 audit=0 nvme_load=yes
Dec 21 22:47:52 peter-x1c kernel: x86/fpu: Supporting XSAVE feature 0x001: 'x87 floating point registers'
Dec 21 22:47:52 peter-x1c kernel: x86/fpu: Supporting XSAVE feature 0x002: 'SSE registers'
Dec 21 22:47:52 peter-x1c kernel: x86/fpu: Supporting XSAVE feature 0x004: 'AVX registers'
Dec 21 22:47:52 peter-x1c kernel: x86/fpu: Supporting XSAVE feature 0x008: 'MPX bounds registers'
Dec 21 22:47:52 peter-x1c kernel: x86/fpu: Supporting XSAVE feature 0x010: 'MPX CSR'
Dec 21 22:47:52 peter-x1c kernel: x86/fpu: xstate_offset[2]:  576, xstate_sizes[2]:  256
Dec 21 22:47:52 peter-x1c kernel: x86/fpu: xstate_offset[3]:  832, xstate_sizes[3]:   64
Dec 21 22:47:52 peter-x1c kernel: x86/fpu: xstate_offset[4]:  896, xstate_sizes[4]:   64
Dec 21 22:47:52 peter-x1c kernel: x86/fpu: Enabled xstate features 0x1f, context size is 960 bytes, using 'compacted' format.
Dec 21 22:47:52 peter-x1c kernel: signal: max sigframe size: 2032
Dec 21 22:47:52 peter-x1c kernel: BIOS-provided physical RAM map:
Dec 21 22:47:52 peter-x1c kernel: BIOS-e820: [mem 0x0000000000000000-0x0000000000057fff] usable
Dec 21 22:47:52 peter-x1c kernel: BIOS-e820: [mem 0x0000000000058000-0x0000000000058fff] reserved
Dec 21 22:47:52 peter-x1c kernel: BIOS-e820: [mem 0x0000000000059000-0x000000000008bfff] usable
Dec 21 22:47:52 peter-x1c kernel: BIOS-e820: [mem 0x000000000008c000-0x00000000000fffff] reserved
Dec 21 22:47:52 peter-x1c kernel: BIOS-e820: [mem 0x0000000000100000-0x000000003fffffff] usable
Dec 21 22:47:52 peter-x1c kernel: BIOS-e820: [mem 0x0000000040000000-0x00000000403fffff] reserved
Dec 21 22:47:52 peter-x1c kernel: BIOS-e820: [mem 0x0000000040400000-0x000000004f210fff] usable
Dec 21 22:47:52 peter-x1c kernel: BIOS-e820: [mem 0x000000004f211000-0x000000004f212fff] reserved
Dec 21 22:47:52 peter-x1c kernel: BIOS-e820: [mem 0x000000004f213000-0x000000004ff0bfff] usable
Dec 21 22:47:52 peter-x1c kernel: BIOS-e820: [mem 0x000000004ff0c000-0x000000004ff0cfff] reserved
Dec 21 22:47:52 peter-x1c kernel: BIOS-e820: [mem 0x000000004ff0d000-0x00000000b4f51fff] usable
Dec 21 22:47:52 peter-x1c kernel: BIOS-e820: [mem 0x00000000b4f52000-0x00000000b4f52fff] ACPI NVS
Dec 21 22:47:52 peter-x1c kernel: BIOS-e820: [mem 0x00000000b4f53000-0x00000000b4f53fff] reserved
Dec 21 22:47:52 peter-x1c kernel: BIOS-e820: [mem 0x00000000b4f54000-0x00000000be8b8fff] usable
Dec 21 22:47:52 peter-x1c kernel: BIOS-e820: [mem 0x00000000be8b9000-0x00000000be987fff] type 20
Dec 21 22:47:52 peter-x1c kernel: BIOS-e820: [mem 0x00000000be988000-0x00000000bff1bfff] reserved
Dec 21 22:47:52 peter-x1c kernel: BIOS-e820: [mem 0x00000000bff1c000-0x00000000bff99fff] ACPI NVS
Dec 21 22:47:52 peter-x1c kernel: BIOS-e820: [mem 0x00000000bff9a000-0x00000000bfffefff] ACPI data
Dec 21 22:47:52 peter-x1c kernel: BIOS-e820: [mem 0x00000000bffff000-0x00000000bfffffff] usable
Dec 21 22:47:52 peter-x1c kernel: BIOS-e820: [mem 0x00000000c0000000-0x00000000c7ffffff] reserved
Dec 21 22:47:52 peter-x1c kernel: BIOS-e820: [mem 0x00000000c8600000-0x00000000cc7fffff] reserved
Dec 21 22:47:52 peter-x1c kernel: BIOS-e820: [mem 0x00000000f0000000-0x00000000f7ffffff] reserved
Dec 21 22:47:52 peter-x1c kernel: BIOS-e820: [mem 0x00000000fe010000-0x00000000fe010fff] reserved
Dec 21 22:47:52 peter-x1c kernel: BIOS-e820: [mem 0x0000000100000000-0x00000002317fffff] usable
Dec 21 22:47:52 peter-x1c kernel: NX (Execute Disable) protection: active
Dec 21 22:47:52 peter-x1c kernel: efi: EFI v2.50 by Lenovo
Dec 21 22:47:52 peter-x1c kernel: efi: TPMFinalLog=0xbff92000 SMBIOS=0xbf01d000 SMBIOS 3.0=0xbf01a000 ACPI=0xbfffe000 ACPI 2.0=0xbfffe014 ESRT=0xbea78000 MEMATTR=0xb9831018 
Dec 21 22:47:52 peter-x1c kernel: SMBIOS 3.0.0 present.
Dec 21 22:47:52 peter-x1c kernel: DMI: LENOVO 20KGS2AQ1A/20KGS2AQ1A, BIOS N23ET83W (1.58 ) 09/28/2022
Dec 21 22:47:52 peter-x1c kernel: tsc: Detected 1900.000 MHz processor
Dec 21 22:47:52 peter-x1c kernel: tsc: Detected 1899.950 MHz TSC
Dec 21 22:47:52 peter-x1c kernel: e820: update [mem 0x00000000-0x00000fff] usable ==> reserved
Dec 21 22:47:52 peter-x1c kernel: e820: remove [mem 0x000a0000-0x000fffff] usable
Dec 21 22:47:52 peter-x1c kernel: last_pfn = 0x231800 max_arch_pfn = 0x400000000
Dec 21 22:47:52 peter-x1c kernel: x86/PAT: Configuration [0-7]: WB  WC  UC- UC  WB  WP  UC- WT  
Dec 21 22:47:52 peter-x1c kernel: last_pfn = 0xc0000 max_arch_pfn = 0x400000000
Dec 21 22:47:52 peter-x1c kernel: esrt: Reserving ESRT space from 0x00000000bea78000 to 0x00000000bea780b0.
Dec 21 22:47:52 peter-x1c kernel: Using GB pages for direct mapping
Dec 21 22:47:52 peter-x1c kernel: Secure boot disabled
Dec 21 22:47:52 peter-x1c kernel: RAMDISK: [mem 0x362ef000-0x3716efff]
Dec 21 22:47:52 peter-x1c kernel: ACPI: Early table checksum verification disabled
Dec 21 22:47:52 peter-x1c kernel: ACPI: RSDP 0x00000000BFFFE014 000024 (v02 LENOVO)
Dec 21 22:47:52 peter-x1c kernel: ACPI: XSDT 0x00000000BFFB2188 000124 (v01 LENOVO TP-N23   00001580 PTEC 00000002)
Dec 21 22:47:52 peter-x1c kernel: ACPI: FACP 0x00000000BFFEB000 0000F4 (v05 LENOVO TP-N23   00001580 PTEC 00000002)
Dec 21 22:47:52 peter-x1c kernel: ACPI: DSDT 0x00000000BFFC0000 026DC4 (v02 LENOVO SKL      00000000 INTL 20160527)
Dec 21 22:47:52 peter-x1c kernel: ACPI: FACS 0x00000000BFF3E000 000040
Dec 21 22:47:52 peter-x1c kernel: ACPI: SSDT 0x00000000BFFF3000 0099B2 (v02 LENOVO DptfTabl 00001000 INTL 20160527)
Dec 21 22:47:52 peter-x1c kernel: ACPI: SSDT 0x00000000BFFF2000 0003DB (v02 LENOVO Tpm2Tabl 00001000 INTL 20160527)
Dec 21 22:47:52 peter-x1c kernel: ACPI: TPM2 0x00000000BFFF1000 000034 (v03 LENOVO TP-N23   00001580 PTEC 00000002)
Dec 21 22:47:52 peter-x1c kernel: ACPI: UEFI 0x00000000BFF53000 000042 (v01 LENOVO TP-N23   00001580 PTEC 00000002)
Dec 21 22:47:52 peter-x1c kernel: ACPI: SSDT 0x00000000BFFED000 0030E4 (v02 LENOVO SaSsdt   00003000 INTL 20160527)
Dec 21 22:47:52 peter-x1c kernel: ACPI: SSDT 0x00000000BFFEC000 0005C6 (v02 LENOVO PerfTune 00001000 INTL 20160527)
Dec 21 22:47:52 peter-x1c kernel: ACPI: HPET 0x00000000BFFEA000 000038 (v01 LENOVO TP-N23   00001580 PTEC 00000002)
Dec 21 22:47:52 peter-x1c kernel: ACPI: APIC 0x00000000BFFE9000 00012C (v03 LENOVO TP-N23   00001580 PTEC 00000002)
Dec 21 22:47:52 peter-x1c kernel: ACPI: MCFG 0x00000000BFFE8000 00003C (v01 LENOVO TP-N23   00001580 PTEC 00000002)
Dec 21 22:47:52 peter-x1c kernel: ACPI: ECDT 0x00000000BFFE7000 000053 (v01 LENOVO TP-N23   00001580 PTEC 00000002)
Dec 21 22:47:52 peter-x1c kernel: ACPI: SSDT 0x00000000BFFBE000 001D1D (v02 LENOVO RVP7Rtd3 00001000 INTL 20160527)
Dec 21 22:47:52 peter-x1c kernel: ACPI: SSDT 0x00000000BFFBC000 0017D7 (v02 LENOVO ProjSsdt 00000010 INTL 20160527)
Dec 21 22:47:52 peter-x1c kernel: ACPI: BOOT 0x00000000BFFBB000 000028 (v01 LENOVO TP-N23   00001580 PTEC 00000002)
Dec 21 22:47:52 peter-x1c kernel: ACPI: BATB 0x00000000BFFBA000 00004A (v02 LENOVO TP-N23   00001580 PTEC 00000002)
Dec 21 22:47:52 peter-x1c kernel: ACPI: SLIC 0x00000000BFFB9000 000176 (v01 LENOVO TP-N23   00001580 PTEC 00000002)
Dec 21 22:47:52 peter-x1c kernel: ACPI: SSDT 0x00000000BFFB7000 0017AE (v02 LENOVO CpuSsdt  00003000 INTL 20160527)
Dec 21 22:47:52 peter-x1c kernel: ACPI: SSDT 0x00000000BFFB6000 00056D (v02 LENOVO CtdpB    00001000 INTL 20160527)
Dec 21 22:47:52 peter-x1c kernel: ACPI: SSDT 0x00000000BFFB5000 0006BF (v02 LENOVO UsbCTabl 00001000 INTL 20160527)
Dec 21 22:47:52 peter-x1c kernel: ACPI: LPIT 0x00000000BFFB4000 000094 (v01 LENOVO TP-N23   00001580 PTEC 00000002)
Dec 21 22:47:52 peter-x1c kernel: ACPI: WSMT 0x00000000BFFB3000 000028 (v01 LENOVO TP-N23   00001580 PTEC 00000002)
Dec 21 22:47:52 peter-x1c kernel: ACPI: SSDT 0x00000000BFFFD000 0001D8 (v02 LENOVO HdaDsp   00000000 INTL 20160527)
Dec 21 22:47:52 peter-x1c kernel: ACPI: SSDT 0x00000000BFFB1000 000590 (v02 LENOVO TbtTypeC 00000000 INTL 20160527)
Dec 21 22:47:52 peter-x1c kernel: ACPI: SSDT 0x00000000BFFB0000 0002D1 (v02 LENOVO Wwan     00000001 INTL 20160527)
Dec 21 22:47:52 peter-x1c kernel: ACPI: DBGP 0x00000000BFFAF000 000034 (v01 LENOVO TP-N23   00001580 PTEC 00000002)
Dec 21 22:47:52 peter-x1c kernel: ACPI: DBG2 0x00000000BFFAE000 000054 (v00 LENOVO TP-N23   00001580 PTEC 00000002)
Dec 21 22:47:52 peter-x1c kernel: ACPI: MSDM 0x00000000BFFAD000 000055 (v03 LENOVO TP-N23   00001580 PTEC 00000002)
Dec 21 22:47:52 peter-x1c kernel: ACPI: DMAR 0x00000000BFFAC000 0000A8 (v01 LENOVO TP-N23   00001580 PTEC 00000002)
Dec 21 22:47:52 peter-x1c kernel: ACPI: NHLT 0x00000000BFFAB000 00002D (v00 LENOVO TP-N23   00001580 PTEC 00000002)
Dec 21 22:47:52 peter-x1c kernel: ACPI: ASF! 0x00000000BFFAA000 0000A0 (v32 LENOVO TP-N23   00001580 PTEC 00000002)
Dec 21 22:47:52 peter-x1c kernel: ACPI: FPDT 0x00000000BFFA9000 000044 (v01 LENOVO TP-N23   00001580 PTEC 00000002)
Dec 21 22:47:52 peter-x1c kernel: ACPI: UEFI 0x00000000BFF2C000 00013E (v01 LENOVO TP-N23   00001580 PTEC 00000002)
Dec 21 22:47:52 peter-x1c kernel: ACPI: Reserving FACP table memory at [mem 0xbffeb000-0xbffeb0f3]
Dec 21 22:47:52 peter-x1c kernel: ACPI: Reserving DSDT table memory at [mem 0xbffc0000-0xbffe6dc3]
Dec 21 22:47:52 peter-x1c kernel: ACPI: Reserving FACS table memory at [mem 0xbff3e000-0xbff3e03f]
Dec 21 22:47:52 peter-x1c kernel: ACPI: Reserving SSDT table memory at [mem 0xbfff3000-0xbfffc9b1]
Dec 21 22:47:52 peter-x1c kernel: ACPI: Reserving SSDT table memory at [mem 0xbfff2000-0xbfff23da]
Dec 21 22:47:52 peter-x1c kernel: ACPI: Reserving TPM2 table memory at [mem 0xbfff1000-0xbfff1033]
Dec 21 22:47:52 peter-x1c kernel: ACPI: Reserving UEFI table memory at [mem 0xbff53000-0xbff53041]
Dec 21 22:47:52 peter-x1c kernel: ACPI: Reserving SSDT table memory at [mem 0xbffed000-0xbfff00e3]
Dec 21 22:47:52 peter-x1c kernel: ACPI: Reserving SSDT table memory at [mem 0xbffec000-0xbffec5c5]
Dec 21 22:47:52 peter-x1c kernel: ACPI: Reserving HPET table memory at [mem 0xbffea000-0xbffea037]
Dec 21 22:47:52 peter-x1c kernel: ACPI: Reserving APIC table memory at [mem 0xbffe9000-0xbffe912b]
Dec 21 22:47:52 peter-x1c kernel: ACPI: Reserving MCFG table memory at [mem 0xbffe8000-0xbffe803b]
Dec 21 22:47:52 peter-x1c kernel: ACPI: Reserving ECDT table memory at [mem 0xbffe7000-0xbffe7052]
Dec 21 22:47:52 peter-x1c kernel: ACPI: Reserving SSDT table memory at [mem 0xbffbe000-0xbffbfd1c]
Dec 21 22:47:52 peter-x1c kernel: ACPI: Reserving SSDT table memory at [mem 0xbffbc000-0xbffbd7d6]
Dec 21 22:47:52 peter-x1c kernel: ACPI: Reserving BOOT table memory at [mem 0xbffbb000-0xbffbb027]
Dec 21 22:47:52 peter-x1c kernel: ACPI: Reserving BATB table memory at [mem 0xbffba000-0xbffba049]
Dec 21 22:47:52 peter-x1c kernel: ACPI: Reserving SLIC table memory at [mem 0xbffb9000-0xbffb9175]
Dec 21 22:47:52 peter-x1c kernel: ACPI: Reserving SSDT table memory at [mem 0xbffb7000-0xbffb87ad]
Dec 21 22:47:52 peter-x1c kernel: ACPI: Reserving SSDT table memory at [mem 0xbffb6000-0xbffb656c]
Dec 21 22:47:52 peter-x1c kernel: ACPI: Reserving SSDT table memory at [mem 0xbffb5000-0xbffb56be]
Dec 21 22:47:52 peter-x1c kernel: ACPI: Reserving LPIT table memory at [mem 0xbffb4000-0xbffb4093]
Dec 21 22:47:52 peter-x1c kernel: ACPI: Reserving WSMT table memory at [mem 0xbffb3000-0xbffb3027]
Dec 21 22:47:52 peter-x1c kernel: ACPI: Reserving SSDT table memory at [mem 0xbfffd000-0xbfffd1d7]
Dec 21 22:47:52 peter-x1c kernel: ACPI: Reserving SSDT table memory at [mem 0xbffb1000-0xbffb158f]
Dec 21 22:47:52 peter-x1c kernel: ACPI: Reserving SSDT table memory at [mem 0xbffb0000-0xbffb02d0]
Dec 21 22:47:52 peter-x1c kernel: ACPI: Reserving DBGP table memory at [mem 0xbffaf000-0xbffaf033]
Dec 21 22:47:52 peter-x1c kernel: ACPI: Reserving DBG2 table memory at [mem 0xbffae000-0xbffae053]
Dec 21 22:47:52 peter-x1c kernel: ACPI: Reserving MSDM table memory at [mem 0xbffad000-0xbffad054]
Dec 21 22:47:52 peter-x1c kernel: ACPI: Reserving DMAR table memory at [mem 0xbffac000-0xbffac0a7]
Dec 21 22:47:52 peter-x1c kernel: ACPI: Reserving NHLT table memory at [mem 0xbffab000-0xbffab02c]
Dec 21 22:47:52 peter-x1c kernel: ACPI: Reserving ASF! table memory at [mem 0xbffaa000-0xbffaa09f]
Dec 21 22:47:52 peter-x1c kernel: ACPI: Reserving FPDT table memory at [mem 0xbffa9000-0xbffa9043]
Dec 21 22:47:52 peter-x1c kernel: ACPI: Reserving UEFI table memory at [mem 0xbff2c000-0xbff2c13d]
Dec 21 22:47:52 peter-x1c kernel: No NUMA configuration found
Dec 21 22:47:52 peter-x1c kernel: Faking a node at [mem 0x0000000000000000-0x00000002317fffff]
Dec 21 22:47:52 peter-x1c kernel: NODE_DATA(0) allocated [mem 0x2317fc000-0x2317fffff]
Dec 21 22:47:52 peter-x1c kernel: Zone ranges:
Dec 21 22:47:52 peter-x1c kernel:   DMA      [mem 0x0000000000001000-0x0000000000ffffff]
Dec 21 22:47:52 peter-x1c kernel:   DMA32    [mem 0x0000000001000000-0x00000000ffffffff]
Dec 21 22:47:52 peter-x1c kernel:   Normal   [mem 0x0000000100000000-0x00000002317fffff]
Dec 21 22:47:52 peter-x1c kernel:   Device   empty
Dec 21 22:47:52 peter-x1c kernel: Movable zone start for each node
Dec 21 22:47:52 peter-x1c kernel: Early memory node ranges
Dec 21 22:47:52 peter-x1c kernel:   node   0: [mem 0x0000000000001000-0x0000000000057fff]
Dec 21 22:47:52 peter-x1c kernel:   node   0: [mem 0x0000000000059000-0x000000000008bfff]
Dec 21 22:47:52 peter-x1c kernel:   node   0: [mem 0x0000000000100000-0x000000003fffffff]
Dec 21 22:47:52 peter-x1c kernel:   node   0: [mem 0x0000000040400000-0x000000004f210fff]
Dec 21 22:47:52 peter-x1c kernel:   node   0: [mem 0x000000004f213000-0x000000004ff0bfff]
Dec 21 22:47:52 peter-x1c kernel:   node   0: [mem 0x000000004ff0d000-0x00000000b4f51fff]
Dec 21 22:47:52 peter-x1c kernel:   node   0: [mem 0x00000000b4f54000-0x00000000be8b8fff]
Dec 21 22:47:52 peter-x1c kernel:   node   0: [mem 0x00000000bffff000-0x00000000bfffffff]
Dec 21 22:47:52 peter-x1c kernel:   node   0: [mem 0x0000000100000000-0x00000002317fffff]
Dec 21 22:47:52 peter-x1c kernel: Initmem setup node 0 [mem 0x0000000000001000-0x00000002317fffff]
Dec 21 22:47:52 peter-x1c kernel: On node 0, zone DMA: 1 pages in unavailable ranges
Dec 21 22:47:52 peter-x1c kernel: On node 0, zone DMA: 1 pages in unavailable ranges
Dec 21 22:47:52 peter-x1c kernel: On node 0, zone DMA: 116 pages in unavailable ranges
Dec 21 22:47:52 peter-x1c kernel: On node 0, zone DMA32: 1024 pages in unavailable ranges
Dec 21 22:47:52 peter-x1c kernel: On node 0, zone DMA32: 2 pages in unavailable ranges
Dec 21 22:47:52 peter-x1c kernel: On node 0, zone DMA32: 1 pages in unavailable ranges
Dec 21 22:47:52 peter-x1c kernel: On node 0, zone DMA32: 2 pages in unavailable ranges
Dec 21 22:47:52 peter-x1c kernel: On node 0, zone DMA32: 5958 pages in unavailable ranges
Dec 21 22:47:52 peter-x1c kernel: On node 0, zone Normal: 26624 pages in unavailable ranges
Dec 21 22:47:52 peter-x1c kernel: Reserving Intel graphics memory at [mem 0xca800000-0xcc7fffff]
Dec 21 22:47:52 peter-x1c kernel: ACPI: PM-Timer IO Port: 0x1808
Dec 21 22:47:52 peter-x1c kernel: ACPI: LAPIC_NMI (acpi_id[0x01] high edge lint[0x1])
Dec 21 22:47:52 peter-x1c kernel: ACPI: LAPIC_NMI (acpi_id[0x02] high edge lint[0x1])
Dec 21 22:47:52 peter-x1c kernel: ACPI: LAPIC_NMI (acpi_id[0x03] high edge lint[0x1])
Dec 21 22:47:52 peter-x1c kernel: ACPI: LAPIC_NMI (acpi_id[0x04] high edge lint[0x1])
Dec 21 22:47:52 peter-x1c kernel: ACPI: LAPIC_NMI (acpi_id[0x05] high edge lint[0x1])
Dec 21 22:47:52 peter-x1c kernel: ACPI: LAPIC_NMI (acpi_id[0x06] high edge lint[0x1])
Dec 21 22:47:52 peter-x1c kernel: ACPI: LAPIC_NMI (acpi_id[0x07] high edge lint[0x1])
Dec 21 22:47:52 peter-x1c kernel: ACPI: LAPIC_NMI (acpi_id[0x08] high edge lint[0x1])
Dec 21 22:47:52 peter-x1c kernel: ACPI: LAPIC_NMI (acpi_id[0x09] high edge lint[0x1])
Dec 21 22:47:52 peter-x1c kernel: ACPI: LAPIC_NMI (acpi_id[0x0a] high edge lint[0x1])
Dec 21 22:47:52 peter-x1c kernel: ACPI: LAPIC_NMI (acpi_id[0x0b] high edge lint[0x1])
Dec 21 22:47:52 peter-x1c kernel: ACPI: LAPIC_NMI (acpi_id[0x0c] high edge lint[0x1])
Dec 21 22:47:52 peter-x1c kernel: ACPI: LAPIC_NMI (acpi_id[0x0d] high edge lint[0x1])
Dec 21 22:47:52 peter-x1c kernel: ACPI: LAPIC_NMI (acpi_id[0x0e] high edge lint[0x1])
Dec 21 22:47:52 peter-x1c kernel: ACPI: LAPIC_NMI (acpi_id[0x0f] high edge lint[0x1])
Dec 21 22:47:52 peter-x1c kernel: ACPI: LAPIC_NMI (acpi_id[0x10] high edge lint[0x1])
Dec 21 22:47:52 peter-x1c kernel: IOAPIC[0]: apic_id 2, version 32, address 0xfec00000, GSI 0-119
Dec 21 22:47:52 peter-x1c kernel: ACPI: INT_SRC_OVR (bus 0 bus_irq 0 global_irq 2 dfl dfl)
Dec 21 22:47:52 peter-x1c kernel: ACPI: INT_SRC_OVR (bus 0 bus_irq 9 global_irq 9 high level)
Dec 21 22:47:52 peter-x1c kernel: ACPI: Using ACPI (MADT) for SMP configuration information
Dec 21 22:47:52 peter-x1c kernel: ACPI: HPET id: 0x8086a201 base: 0xfed00000
Dec 21 22:47:52 peter-x1c kernel: TSC deadline timer available
Dec 21 22:47:52 peter-x1c kernel: smpboot: Allowing 8 CPUs, 0 hotplug CPUs
Dec 21 22:47:52 peter-x1c kernel: PM: hibernation: Registered nosave memory: [mem 0x00000000-0x00000fff]
Dec 21 22:47:52 peter-x1c kernel: PM: hibernation: Registered nosave memory: [mem 0x00058000-0x00058fff]
Dec 21 22:47:52 peter-x1c kernel: PM: hibernation: Registered nosave memory: [mem 0x0008c000-0x000fffff]
Dec 21 22:47:52 peter-x1c kernel: PM: hibernation: Registered nosave memory: [mem 0x40000000-0x403fffff]
Dec 21 22:47:52 peter-x1c kernel: PM: hibernation: Registered nosave memory: [mem 0x4f211000-0x4f212fff]
Dec 21 22:47:52 peter-x1c kernel: PM: hibernation: Registered nosave memory: [mem 0x4ff0c000-0x4ff0cfff]
Dec 21 22:47:52 peter-x1c kernel: PM: hibernation: Registered nosave memory: [mem 0xb4f52000-0xb4f52fff]
Dec 21 22:47:52 peter-x1c kernel: PM: hibernation: Registered nosave memory: [mem 0xb4f53000-0xb4f53fff]
Dec 21 22:47:52 peter-x1c kernel: PM: hibernation: Registered nosave memory: [mem 0xbe8b9000-0xbe987fff]
Dec 21 22:47:52 peter-x1c kernel: PM: hibernation: Registered nosave memory: [mem 0xbe988000-0xbff1bfff]
Dec 21 22:47:52 peter-x1c kernel: PM: hibernation: Registered nosave memory: [mem 0xbff1c000-0xbff99fff]
Dec 21 22:47:52 peter-x1c kernel: PM: hibernation: Registered nosave memory: [mem 0xbff9a000-0xbfffefff]
Dec 21 22:47:52 peter-x1c kernel: PM: hibernation: Registered nosave memory: [mem 0xc0000000-0xc7ffffff]
Dec 21 22:47:52 peter-x1c kernel: PM: hibernation: Registered nosave memory: [mem 0xc8000000-0xc85fffff]
Dec 21 22:47:52 peter-x1c kernel: PM: hibernation: Registered nosave memory: [mem 0xc8600000-0xcc7fffff]
Dec 21 22:47:52 peter-x1c kernel: PM: hibernation: Registered nosave memory: [mem 0xcc800000-0xefffffff]
Dec 21 22:47:52 peter-x1c kernel: PM: hibernation: Registered nosave memory: [mem 0xf0000000-0xf7ffffff]
Dec 21 22:47:52 peter-x1c kernel: PM: hibernation: Registered nosave memory: [mem 0xf8000000-0xfe00ffff]
Dec 21 22:47:52 peter-x1c kernel: PM: hibernation: Registered nosave memory: [mem 0xfe010000-0xfe010fff]
Dec 21 22:47:52 peter-x1c kernel: PM: hibernation: Registered nosave memory: [mem 0xfe011000-0xffffffff]
Dec 21 22:47:52 peter-x1c kernel: [mem 0xcc800000-0xefffffff] available for PCI devices
Dec 21 22:47:52 peter-x1c kernel: Booting paravirtualized kernel on bare hardware
Dec 21 22:47:52 peter-x1c kernel: clocksource: refined-jiffies: mask: 0xffffffff max_cycles: 0xffffffff, max_idle_ns: 6370452778343963 ns
Dec 21 22:47:52 peter-x1c kernel: setup_percpu: NR_CPUS:320 nr_cpumask_bits:320 nr_cpu_ids:8 nr_node_ids:1
Dec 21 22:47:52 peter-x1c kernel: percpu: Embedded 63 pages/cpu s221184 r8192 d28672 u262144
Dec 21 22:47:52 peter-x1c kernel: pcpu-alloc: s221184 r8192 d28672 u262144 alloc=1*2097152
Dec 21 22:47:52 peter-x1c kernel: pcpu-alloc: [0] 0 1 2 3 4 5 6 7 
Dec 21 22:47:52 peter-x1c kernel: Fallback order for Node 0: 0 
Dec 21 22:47:52 peter-x1c kernel: Built 1 zonelists, mobility grouping on.  Total pages: 1998770
Dec 21 22:47:52 peter-x1c kernel: Policy zone: Normal
Dec 21 22:47:52 peter-x1c kernel: Kernel command line: BOOT_IMAGE=/boot/vmlinuz-linux root=UUID=2b238012-372e-477c-b221-e311f8d11284 rw quiet loglevel=3 audit=0 nvme_load=yes
Dec 21 22:47:52 peter-x1c kernel: audit: disabled (until reboot)
Dec 21 22:47:52 peter-x1c kernel: Unknown kernel command line parameters "BOOT_IMAGE=/boot/vmlinuz-linux nvme_load=yes", will be passed to user space.
Dec 21 22:47:52 peter-x1c kernel: Dentry cache hash table entries: 1048576 (order: 11, 8388608 bytes, linear)
Dec 21 22:47:52 peter-x1c kernel: Inode-cache hash table entries: 524288 (order: 10, 4194304 bytes, linear)
Dec 21 22:47:52 peter-x1c kernel: mem auto-init: stack:all(zero), heap alloc:on, heap free:off
Dec 21 22:47:52 peter-x1c kernel: software IO TLB: area num 8.
Dec 21 22:47:52 peter-x1c kernel: Memory: 7774568K/8122620K available (16391K kernel code, 2092K rwdata, 11380K rodata, 2128K init, 3472K bss, 347792K reserved, 0K cma-reserved)
Dec 21 22:47:52 peter-x1c kernel: SLUB: HWalign=64, Order=0-3, MinObjects=0, CPUs=8, Nodes=1
Dec 21 22:47:52 peter-x1c kernel: Kernel/User page tables isolation: enabled
Dec 21 22:47:52 peter-x1c kernel: ftrace: allocating 45992 entries in 180 pages
Dec 21 22:47:52 peter-x1c kernel: ftrace: allocated 180 pages with 4 groups
Dec 21 22:47:52 peter-x1c kernel: Dynamic Preempt: full
Dec 21 22:47:52 peter-x1c kernel: rcu: Preemptible hierarchical RCU implementation.
Dec 21 22:47:52 peter-x1c kernel: rcu:         RCU restricting CPUs from NR_CPUS=320 to nr_cpu_ids=8.
Dec 21 22:47:52 peter-x1c kernel: rcu:         RCU priority boosting: priority 1 delay 500 ms.
Dec 21 22:47:52 peter-x1c kernel:         Trampoline variant of Tasks RCU enabled.
Dec 21 22:47:52 peter-x1c kernel:         Rude variant of Tasks RCU enabled.
Dec 21 22:47:52 peter-x1c kernel:         Tracing variant of Tasks RCU enabled.
Dec 21 22:47:52 peter-x1c kernel: rcu: RCU calculated value of scheduler-enlistment delay is 30 jiffies.
Dec 21 22:47:52 peter-x1c kernel: rcu: Adjusting geometry for rcu_fanout_leaf=16, nr_cpu_ids=8
Dec 21 22:47:52 peter-x1c kernel: NR_IRQS: 20736, nr_irqs: 2048, preallocated irqs: 16
Dec 21 22:47:52 peter-x1c kernel: rcu: srcu_init: Setting srcu_struct sizes based on contention.
Dec 21 22:47:52 peter-x1c kernel: kfence: initialized - using 2097152 bytes for 255 objects at 0x(____ptrval____)-0x(____ptrval____)
Dec 21 22:47:52 peter-x1c kernel: random: crng init done
Dec 21 22:47:52 peter-x1c kernel: Console: colour dummy device 80x25
Dec 21 22:47:52 peter-x1c kernel: printk: console [tty0] enabled
Dec 21 22:47:52 peter-x1c kernel: ACPI: Core revision 20220331
Dec 21 22:47:52 peter-x1c kernel: hpet: HPET dysfunctional in PC10. Force disabled.
Dec 21 22:47:52 peter-x1c kernel: APIC: Switch to symmetric I/O mode setup
Dec 21 22:47:52 peter-x1c kernel: DMAR: Host address width 39
Dec 21 22:47:52 peter-x1c kernel: DMAR: DRHD base: 0x000000fed90000 flags: 0x0
Dec 21 22:47:52 peter-x1c kernel: DMAR: dmar0: reg_base_addr fed90000 ver 1:0 cap 1c0000c40660462 ecap 19e2ff0505e
Dec 21 22:47:52 peter-x1c kernel: DMAR: DRHD base: 0x000000fed91000 flags: 0x1
Dec 21 22:47:52 peter-x1c kernel: DMAR: dmar1: reg_base_addr fed91000 ver 1:0 cap d2008c40660462 ecap f050da
Dec 21 22:47:52 peter-x1c kernel: DMAR: RMRR base: 0x000000bf46f000 end: 0x000000bf48efff
Dec 21 22:47:52 peter-x1c kernel: DMAR: RMRR base: 0x000000ca000000 end: 0x000000cc7fffff
Dec 21 22:47:52 peter-x1c kernel: DMAR-IR: IOAPIC id 2 under DRHD base  0xfed91000 IOMMU 1
Dec 21 22:47:52 peter-x1c kernel: DMAR-IR: HPET id 0 under DRHD base 0xfed91000
Dec 21 22:47:52 peter-x1c kernel: DMAR-IR: Queued invalidation will be enabled to support x2apic and Intr-remapping.
Dec 21 22:47:52 peter-x1c kernel: DMAR-IR: Enabled IRQ remapping in x2apic mode
Dec 21 22:47:52 peter-x1c kernel: x2apic enabled
Dec 21 22:47:52 peter-x1c kernel: Switched APIC routing to cluster x2apic.
Dec 21 22:47:52 peter-x1c kernel: clocksource: tsc-early: mask: 0xffffffffffffffff max_cycles: 0x36c5f9386c6, max_idle_ns: 881590416379 ns
Dec 21 22:47:52 peter-x1c kernel: Calibrating delay loop (skipped), value calculated using timer frequency.. 3801.22 BogoMIPS (lpj=6333166)
Dec 21 22:47:52 peter-x1c kernel: pid_max: default: 32768 minimum: 301
Dec 21 22:47:52 peter-x1c kernel: LSM: Security Framework initializing
Dec 21 22:47:52 peter-x1c kernel: landlock: Up and running.
Dec 21 22:47:52 peter-x1c kernel: Yama: becoming mindful.
Dec 21 22:47:52 peter-x1c kernel: LSM support for eBPF active
Dec 21 22:47:52 peter-x1c kernel: Mount-cache hash table entries: 16384 (order: 5, 131072 bytes, linear)
Dec 21 22:47:52 peter-x1c kernel: Mountpoint-cache hash table entries: 16384 (order: 5, 131072 bytes, linear)
Dec 21 22:47:52 peter-x1c kernel: CPU0: Thermal monitoring enabled (TM1)
Dec 21 22:47:52 peter-x1c kernel: process: using mwait in idle threads
Dec 21 22:47:52 peter-x1c kernel: Last level iTLB entries: 4KB 64, 2MB 8, 4MB 8
Dec 21 22:47:52 peter-x1c kernel: Last level dTLB entries: 4KB 64, 2MB 0, 4MB 0, 1GB 4
Dec 21 22:47:52 peter-x1c kernel: Spectre V1 : Mitigation: usercopy/swapgs barriers and __user pointer sanitization
Dec 21 22:47:52 peter-x1c kernel: Spectre V2 : Mitigation: IBRS
Dec 21 22:47:52 peter-x1c kernel: Spectre V2 : Spectre v2 / SpectreRSB mitigation: Filling RSB on context switch
Dec 21 22:47:52 peter-x1c kernel: Spectre V2 : Spectre v2 / SpectreRSB : Filling RSB on VMEXIT
Dec 21 22:47:52 peter-x1c kernel: RETBleed: Mitigation: IBRS
Dec 21 22:47:52 peter-x1c kernel: Spectre V2 : mitigation: Enabling conditional Indirect Branch Prediction Barrier
Dec 21 22:47:52 peter-x1c kernel: Speculative Store Bypass: Mitigation: Speculative Store Bypass disabled via prctl
Dec 21 22:47:52 peter-x1c kernel: MDS: Mitigation: Clear CPU buffers
Dec 21 22:47:52 peter-x1c kernel: TAA: Mitigation: TSX disabled
Dec 21 22:47:52 peter-x1c kernel: MMIO Stale Data: Mitigation: Clear CPU buffers
Dec 21 22:47:52 peter-x1c kernel: SRBDS: Mitigation: Microcode
Dec 21 22:47:52 peter-x1c kernel: Freeing SMP alternatives memory: 36K
Dec 21 22:47:52 peter-x1c kernel: smpboot: CPU0: Intel(R) Core(TM) i5-8350U CPU @ 1.70GHz (family: 0x6, model: 0x8e, stepping: 0xa)
Dec 21 22:47:52 peter-x1c kernel: cblist_init_generic: Setting adjustable number of callback queues.
Dec 21 22:47:52 peter-x1c kernel: cblist_init_generic: Setting shift to 3 and lim to 1.
Dec 21 22:47:52 peter-x1c kernel: cblist_init_generic: Setting shift to 3 and lim to 1.
Dec 21 22:47:52 peter-x1c kernel: cblist_init_generic: Setting shift to 3 and lim to 1.
Dec 21 22:47:52 peter-x1c kernel: Performance Events: PEBS fmt3+, Skylake events, 32-deep LBR, full-width counters, Intel PMU driver.
Dec 21 22:47:52 peter-x1c kernel: ... version:                4
Dec 21 22:47:52 peter-x1c kernel: ... bit width:              48
Dec 21 22:47:52 peter-x1c kernel: ... generic registers:      4
Dec 21 22:47:52 peter-x1c kernel: ... value mask:             0000ffffffffffff
Dec 21 22:47:52 peter-x1c kernel: ... max period:             00007fffffffffff
Dec 21 22:47:52 peter-x1c kernel: ... fixed-purpose events:   3
Dec 21 22:47:52 peter-x1c kernel: ... event mask:             000000070000000f
Dec 21 22:47:52 peter-x1c kernel: Estimated ratio of average max frequency by base frequency (times 1024): 1940
Dec 21 22:47:52 peter-x1c kernel: rcu: Hierarchical SRCU implementation.
Dec 21 22:47:52 peter-x1c kernel: rcu:         Max phase no-delay instances is 1000.
Dec 21 22:47:52 peter-x1c kernel: NMI watchdog: Enabled. Permanently consumes one hw-PMU counter.
Dec 21 22:47:52 peter-x1c kernel: smp: Bringing up secondary CPUs ...
Dec 21 22:47:52 peter-x1c kernel: x86: Booting SMP configuration:
Dec 21 22:47:52 peter-x1c kernel: .... node  #0, CPUs:      #1 #2 #3 #4
Dec 21 22:47:52 peter-x1c kernel: MDS CPU bug present and SMT on, data leak possible. See https://www.kernel.org/doc/html/latest/admin-guide/hw-vuln/mds.html for more details.
Dec 21 22:47:52 peter-x1c kernel: MMIO Stale Data CPU bug present and SMT on, data leak possible. See https://www.kernel.org/doc/html/latest/admin-guide/hw-vuln/processor_mmio_stale_data.html for more details.
Dec 21 22:47:52 peter-x1c kernel:  #5 #6 #7
Dec 21 22:47:52 peter-x1c kernel: smp: Brought up 1 node, 8 CPUs
Dec 21 22:47:52 peter-x1c kernel: smpboot: Max logical packages: 1
Dec 21 22:47:52 peter-x1c kernel: smpboot: Total of 8 processors activated (30411.83 BogoMIPS)
Dec 21 22:47:52 peter-x1c kernel: devtmpfs: initialized
Dec 21 22:47:52 peter-x1c kernel: x86/mm: Memory block size: 128MB
Dec 21 22:47:52 peter-x1c kernel: ACPI: PM: Registering ACPI NVS region [mem 0xb4f52000-0xb4f52fff] (4096 bytes)
Dec 21 22:47:52 peter-x1c kernel: ACPI: PM: Registering ACPI NVS region [mem 0xbff1c000-0xbff99fff] (516096 bytes)
Dec 21 22:47:52 peter-x1c kernel: clocksource: jiffies: mask: 0xffffffff max_cycles: 0xffffffff, max_idle_ns: 6370867519511994 ns
Dec 21 22:47:52 peter-x1c kernel: futex hash table entries: 2048 (order: 5, 131072 bytes, linear)
Dec 21 22:47:52 peter-x1c kernel: pinctrl core: initialized pinctrl subsystem
Dec 21 22:47:52 peter-x1c kernel: PM: RTC time: 11:47:49, date: 2022-12-21
Dec 21 22:47:52 peter-x1c kernel: NET: Registered PF_NETLINK/PF_ROUTE protocol family
Dec 21 22:47:52 peter-x1c kernel: DMA: preallocated 1024 KiB GFP_KERNEL pool for atomic allocations
Dec 21 22:47:52 peter-x1c kernel: DMA: preallocated 1024 KiB GFP_KERNEL|GFP_DMA pool for atomic allocations
Dec 21 22:47:52 peter-x1c kernel: DMA: preallocated 1024 KiB GFP_KERNEL|GFP_DMA32 pool for atomic allocations
Dec 21 22:47:52 peter-x1c kernel: thermal_sys: Registered thermal governor 'fair_share'
Dec 21 22:47:52 peter-x1c kernel: thermal_sys: Registered thermal governor 'bang_bang'
Dec 21 22:47:52 peter-x1c kernel: thermal_sys: Registered thermal governor 'step_wise'
Dec 21 22:47:52 peter-x1c kernel: thermal_sys: Registered thermal governor 'user_space'
Dec 21 22:47:52 peter-x1c kernel: thermal_sys: Registered thermal governor 'power_allocator'
Dec 21 22:47:52 peter-x1c kernel: cpuidle: using governor ladder
Dec 21 22:47:52 peter-x1c kernel: cpuidle: using governor menu
Dec 21 22:47:52 peter-x1c kernel: Simple Boot Flag at 0x47 set to 0x1
Dec 21 22:47:52 peter-x1c kernel: ACPI FADT declares the system doesn't support PCIe ASPM, so disable it
Dec 21 22:47:52 peter-x1c kernel: acpiphp: ACPI Hot Plug PCI Controller Driver version: 0.5
Dec 21 22:47:52 peter-x1c kernel: PCI: MMCONFIG for domain 0000 [bus 00-7f] at [mem 0xf0000000-0xf7ffffff] (base 0xf0000000)
Dec 21 22:47:52 peter-x1c kernel: PCI: MMCONFIG at [mem 0xf0000000-0xf7ffffff] reserved in E820
Dec 21 22:47:52 peter-x1c kernel: PCI: Using configuration type 1 for base access
Dec 21 22:47:52 peter-x1c kernel: ENERGY_PERF_BIAS: Set to 'normal', was 'performance'
Dec 21 22:47:52 peter-x1c kernel: kprobes: kprobe jump-optimization is enabled. All kprobes are optimized if possible.
Dec 21 22:47:52 peter-x1c kernel: HugeTLB: registered 1.00 GiB page size, pre-allocated 0 pages
Dec 21 22:47:52 peter-x1c kernel: HugeTLB: 16380 KiB vmemmap can be freed for a 1.00 GiB page
Dec 21 22:47:52 peter-x1c kernel: HugeTLB: registered 2.00 MiB page size, pre-allocated 0 pages
Dec 21 22:47:52 peter-x1c kernel: HugeTLB: 28 KiB vmemmap can be freed for a 2.00 MiB page
Dec 21 22:47:52 peter-x1c kernel: ACPI: Added _OSI(Module Device)
Dec 21 22:47:52 peter-x1c kernel: ACPI: Added _OSI(Processor Device)
Dec 21 22:47:52 peter-x1c kernel: ACPI: Added _OSI(3.0 _SCP Extensions)
Dec 21 22:47:52 peter-x1c kernel: ACPI: Added _OSI(Processor Aggregator Device)
Dec 21 22:47:52 peter-x1c kernel: ACPI: Added _OSI(Linux-Dell-Video)
Dec 21 22:47:52 peter-x1c kernel: ACPI: Added _OSI(Linux-Lenovo-NV-HDMI-Audio)
Dec 21 22:47:52 peter-x1c kernel: ACPI: Added _OSI(Linux-HPI-Hybrid-Graphics)
Dec 21 22:47:52 peter-x1c kernel: ACPI: 13 ACPI AML tables successfully acquired and loaded
Dec 21 22:47:52 peter-x1c kernel: ACPI: EC: EC started
Dec 21 22:47:52 peter-x1c kernel: ACPI: EC: interrupt blocked
Dec 21 22:47:52 peter-x1c kernel: ACPI: EC: EC_CMD/EC_SC=0x66, EC_DATA=0x62
Dec 21 22:47:52 peter-x1c kernel: ACPI: EC: Boot ECDT EC used to handle transactions
Dec 21 22:47:52 peter-x1c kernel: ACPI: [Firmware Bug]: BIOS _OSI(Linux) query ignored
Dec 21 22:47:52 peter-x1c kernel: ACPI: Dynamic OEM Table Load:
Dec 21 22:47:52 peter-x1c kernel: ACPI: SSDT 0xFFFF8DE281661800 0005AC (v02 PmRef  Cpu0Ist  00003000 INTL 20160527)
Dec 21 22:47:52 peter-x1c kernel: ACPI: \_PR_.PR00: _OSC native thermal LVT Acked
Dec 21 22:47:52 peter-x1c kernel: ACPI: Dynamic OEM Table Load:
Dec 21 22:47:52 peter-x1c kernel: ACPI: SSDT 0xFFFF8DE280FB1C00 0003FF (v02 PmRef  Cpu0Cst  00003001 INTL 20160527)
Dec 21 22:47:52 peter-x1c kernel: ACPI: Dynamic OEM Table Load:
Dec 21 22:47:52 peter-x1c kernel: ACPI: SSDT 0xFFFF8DE281782F00 0000BA (v02 PmRef  Cpu0Hwp  00003000 INTL 20160527)
Dec 21 22:47:52 peter-x1c kernel: ACPI: Dynamic OEM Table Load:
Dec 21 22:47:52 peter-x1c kernel: ACPI: SSDT 0xFFFF8DE281665000 000628 (v02 PmRef  HwpLvt   00003000 INTL 20160527)
Dec 21 22:47:52 peter-x1c kernel: ACPI: Dynamic OEM Table Load:
Dec 21 22:47:52 peter-x1c kernel: ACPI: SSDT 0xFFFF8DE280FBD000 000D14 (v02 PmRef  ApIst    00003000 INTL 20160527)
Dec 21 22:47:52 peter-x1c kernel: ACPI: Dynamic OEM Table Load:
Dec 21 22:47:52 peter-x1c kernel: ACPI: SSDT 0xFFFF8DE280FB4000 000317 (v02 PmRef  ApHwp    00003000 INTL 20160527)
Dec 21 22:47:52 peter-x1c kernel: ACPI: Dynamic OEM Table Load:
Dec 21 22:47:52 peter-x1c kernel: ACPI: SSDT 0xFFFF8DE280FB2C00 00030A (v02 PmRef  ApCst    00003000 INTL 20160527)
Dec 21 22:47:52 peter-x1c kernel: ACPI: Interpreter enabled
Dec 21 22:47:52 peter-x1c kernel: ACPI: PM: (supports S0 S3 S4 S5)
Dec 21 22:47:52 peter-x1c kernel: ACPI: Using IOAPIC for interrupt routing
Dec 21 22:47:52 peter-x1c kernel: PCI: Using host bridge windows from ACPI; if necessary, use "pci=nocrs" and report a bug
Dec 21 22:47:52 peter-x1c kernel: PCI: Using E820 reservations for host bridge windows
Dec 21 22:47:52 peter-x1c kernel: ACPI: Enabled 8 GPEs in block 00 to 7F
Dec 21 22:47:52 peter-x1c kernel: ACPI: PM: Power Resource [PUBS]
Dec 21 22:47:52 peter-x1c kernel: ACPI: PM: Power Resource [WRST]
Dec 21 22:47:52 peter-x1c kernel: ACPI: PCI Root Bridge [PCI0] (domain 0000 [bus 00-7e])
Dec 21 22:47:52 peter-x1c kernel: acpi PNP0A08:00: _OSC: OS supports [ExtendedConfig ASPM ClockPM Segments MSI EDR HPX-Type3]
Dec 21 22:47:52 peter-x1c kernel: acpi PNP0A08:00: _OSC: platform does not support [PCIeHotplug SHPCHotplug PME AER PCIeCapability]
Dec 21 22:47:52 peter-x1c kernel: acpi PNP0A08:00: _OSC: not requesting control; platform does not support [PCIeCapability]
Dec 21 22:47:52 peter-x1c kernel: acpi PNP0A08:00: _OSC: OS requested [PCIeHotplug SHPCHotplug PME AER PCIeCapability LTR DPC]
Dec 21 22:47:52 peter-x1c kernel: acpi PNP0A08:00: _OSC: platform willing to grant [LTR DPC]
Dec 21 22:47:52 peter-x1c kernel: acpi PNP0A08:00: _OSC: platform retains control of PCIe features (AE_SUPPORT)
Dec 21 22:47:52 peter-x1c kernel: PCI host bridge to bus 0000:00
Dec 21 22:47:52 peter-x1c kernel: pci_bus 0000:00: root bus resource [io  0x0000-0x0cf7 window]
Dec 21 22:47:52 peter-x1c kernel: pci_bus 0000:00: root bus resource [io  0x0d00-0xffff window]
Dec 21 22:47:52 peter-x1c kernel: pci_bus 0000:00: root bus resource [mem 0x000a0000-0x000bffff window]
Dec 21 22:47:52 peter-x1c kernel: pci_bus 0000:00: root bus resource [mem 0xcc800000-0xefffffff window]
Dec 21 22:47:52 peter-x1c kernel: pci_bus 0000:00: root bus resource [mem 0x2000000000-0x2fffffffff window]
Dec 21 22:47:52 peter-x1c kernel: pci_bus 0000:00: root bus resource [mem 0xfd000000-0xfe7fffff window]
Dec 21 22:47:52 peter-x1c kernel: pci_bus 0000:00: root bus resource [bus 00-7e]
Dec 21 22:47:52 peter-x1c kernel: pci 0000:00:00.0: [8086:5914] type 00 class 0x060000
Dec 21 22:47:52 peter-x1c kernel: pci 0000:00:02.0: [8086:5917] type 00 class 0x030000
Dec 21 22:47:52 peter-x1c kernel: pci 0000:00:02.0: reg 0x10: [mem 0x2ffe000000-0x2ffeffffff 64bit]
Dec 21 22:47:52 peter-x1c kernel: pci 0000:00:02.0: reg 0x18: [mem 0xd0000000-0xdfffffff 64bit pref]
Dec 21 22:47:52 peter-x1c kernel: pci 0000:00:02.0: reg 0x20: [io  0xe000-0xe03f]
Dec 21 22:47:52 peter-x1c kernel: pci 0000:00:02.0: BAR 2: assigned to efifb
Dec 21 22:47:52 peter-x1c kernel: pci 0000:00:02.0: Video device with shadowed ROM at [mem 0x000c0000-0x000dffff]
Dec 21 22:47:52 peter-x1c kernel: pci 0000:00:04.0: [8086:1903] type 00 class 0x118000
Dec 21 22:47:52 peter-x1c kernel: pci 0000:00:04.0: reg 0x10: [mem 0x2fff010000-0x2fff017fff 64bit]
Dec 21 22:47:52 peter-x1c kernel: pci 0000:00:08.0: [8086:1911] type 00 class 0x088000
Dec 21 22:47:52 peter-x1c kernel: pci 0000:00:08.0: reg 0x10: [mem 0x2fff01f000-0x2fff01ffff 64bit]
Dec 21 22:47:52 peter-x1c kernel: pci 0000:00:14.0: [8086:9d2f] type 00 class 0x0c0330
Dec 21 22:47:52 peter-x1c kernel: pci 0000:00:14.0: reg 0x10: [mem 0xe0420000-0xe042ffff 64bit]
Dec 21 22:47:52 peter-x1c kernel: pci 0000:00:14.0: PME# supported from D3hot D3cold
Dec 21 22:47:52 peter-x1c kernel: pci 0000:00:14.2: [8086:9d31] type 00 class 0x118000
Dec 21 22:47:52 peter-x1c kernel: pci 0000:00:14.2: reg 0x10: [mem 0x2fff01e000-0x2fff01efff 64bit]
Dec 21 22:47:52 peter-x1c kernel: pci 0000:00:16.0: [8086:9d3a] type 00 class 0x078000
Dec 21 22:47:52 peter-x1c kernel: pci 0000:00:16.0: reg 0x10: [mem 0x2fff01d000-0x2fff01dfff 64bit]
Dec 21 22:47:52 peter-x1c kernel: pci 0000:00:16.0: PME# supported from D3hot
Dec 21 22:47:52 peter-x1c kernel: pci 0000:00:16.3: [8086:9d3d] type 00 class 0x070002
Dec 21 22:47:52 peter-x1c kernel: pci 0000:00:16.3: reg 0x10: [io  0xe060-0xe067]
Dec 21 22:47:52 peter-x1c kernel: pci 0000:00:16.3: reg 0x14: [mem 0xe0434000-0xe0434fff]
Dec 21 22:47:52 peter-x1c kernel: pci 0000:00:1c.0: [8086:9d10] type 01 class 0x060400
Dec 21 22:47:52 peter-x1c kernel: pci 0000:00:1c.0: PME# supported from D0 D3hot D3cold
Dec 21 22:47:52 peter-x1c kernel: pci 0000:00:1c.4: [8086:9d14] type 01 class 0x060400
Dec 21 22:47:52 peter-x1c kernel: pci 0000:00:1c.4: PME# supported from D0 D3hot D3cold
Dec 21 22:47:52 peter-x1c kernel: pci 0000:00:1d.0: [8086:9d18] type 01 class 0x060400
Dec 21 22:47:52 peter-x1c kernel: pci 0000:00:1d.0: PME# supported from D0 D3hot D3cold
Dec 21 22:47:52 peter-x1c kernel: pci 0000:00:1f.0: [8086:9d4e] type 00 class 0x060100
Dec 21 22:47:52 peter-x1c kernel: pci 0000:00:1f.2: [8086:9d21] type 00 class 0x058000
Dec 21 22:47:52 peter-x1c kernel: pci 0000:00:1f.2: reg 0x10: [mem 0xe0430000-0xe0433fff]
Dec 21 22:47:52 peter-x1c kernel: pci 0000:00:1f.3: [8086:9d71] type 00 class 0x040380
Dec 21 22:47:52 peter-x1c kernel: pci 0000:00:1f.3: reg 0x10: [mem 0x2fff018000-0x2fff01bfff 64bit]
Dec 21 22:47:52 peter-x1c kernel: pci 0000:00:1f.3: reg 0x20: [mem 0x2fff000000-0x2fff00ffff 64bit]
Dec 21 22:47:52 peter-x1c kernel: pci 0000:00:1f.3: PME# supported from D3hot D3cold
Dec 21 22:47:52 peter-x1c kernel: pci 0000:00:1f.4: [8086:9d23] type 00 class 0x0c0500
Dec 21 22:47:52 peter-x1c kernel: pci 0000:00:1f.4: reg 0x10: [mem 0x2fff01c000-0x2fff01c0ff 64bit]
Dec 21 22:47:52 peter-x1c kernel: pci 0000:00:1f.4: reg 0x20: [io  0xefa0-0xefbf]
Dec 21 22:47:52 peter-x1c kernel: pci 0000:00:1f.6: [8086:15d7] type 00 class 0x020000
Dec 21 22:47:52 peter-x1c kernel: pci 0000:00:1f.6: reg 0x10: [mem 0xe0400000-0xe041ffff]
Dec 21 22:47:52 peter-x1c kernel: pci 0000:00:1f.6: PME# supported from D0 D3hot D3cold
Dec 21 22:47:52 peter-x1c kernel: pci 0000:02:00.0: [8086:24fd] type 00 class 0x028000
Dec 21 22:47:52 peter-x1c kernel: pci 0000:02:00.0: reg 0x10: [mem 0xe0300000-0xe0301fff 64bit]
Dec 21 22:47:52 peter-x1c kernel: pci 0000:02:00.0: PME# supported from D0 D3hot D3cold
Dec 21 22:47:52 peter-x1c kernel: pci 0000:00:1c.0: PCI bridge to [bus 02]
Dec 21 22:47:52 peter-x1c kernel: pci 0000:00:1c.0:   bridge window [mem 0xe0300000-0xe03fffff]
Dec 21 22:47:52 peter-x1c kernel: pci 0000:04:00.0: [144d:a808] type 00 class 0x010802
Dec 21 22:47:52 peter-x1c kernel: pci 0000:04:00.0: reg 0x10: [mem 0xe0200000-0xe0203fff 64bit]
Dec 21 22:47:52 peter-x1c kernel: pci 0000:00:1c.4: PCI bridge to [bus 04]
Dec 21 22:47:52 peter-x1c kernel: pci 0000:00:1c.4:   bridge window [mem 0xe0200000-0xe02fffff]
Dec 21 22:47:52 peter-x1c kernel: pci 0000:00:1d.0: PCI bridge to [bus 05-6f]
Dec 21 22:47:52 peter-x1c kernel: pci 0000:00:1d.0:   bridge window [mem 0xe0000000-0xe01fffff]
Dec 21 22:47:52 peter-x1c kernel: ACPI: PCI: Interrupt link LNKA configured for IRQ 11
Dec 21 22:47:52 peter-x1c kernel: ACPI: PCI: Interrupt link LNKB configured for IRQ 10
Dec 21 22:47:52 peter-x1c kernel: ACPI: PCI: Interrupt link LNKC configured for IRQ 11
Dec 21 22:47:52 peter-x1c kernel: ACPI: PCI: Interrupt link LNKD configured for IRQ 11
Dec 21 22:47:52 peter-x1c kernel: ACPI: PCI: Interrupt link LNKE configured for IRQ 11
Dec 21 22:47:52 peter-x1c kernel: ACPI: PCI: Interrupt link LNKF configured for IRQ 11
Dec 21 22:47:52 peter-x1c kernel: ACPI: PCI: Interrupt link LNKG configured for IRQ 11
Dec 21 22:47:52 peter-x1c kernel: ACPI: PCI: Interrupt link LNKH configured for IRQ 11
Dec 21 22:47:52 peter-x1c kernel: ACPI: EC: interrupt unblocked
Dec 21 22:47:52 peter-x1c kernel: ACPI: EC: event unblocked
Dec 21 22:47:52 peter-x1c kernel: ACPI: EC: EC_CMD/EC_SC=0x66, EC_DATA=0x62
Dec 21 22:47:52 peter-x1c kernel: ACPI: EC: GPE=0x16
Dec 21 22:47:52 peter-x1c kernel: ACPI: \_SB_.PCI0.LPCB.EC__: Boot ECDT EC initialization complete
Dec 21 22:47:52 peter-x1c kernel: ACPI: \_SB_.PCI0.LPCB.EC__: EC: Used to handle transactions and events
Dec 21 22:47:52 peter-x1c kernel: iommu: Default domain type: Translated 
Dec 21 22:47:52 peter-x1c kernel: iommu: DMA domain TLB invalidation policy: lazy mode 
Dec 21 22:47:52 peter-x1c kernel: SCSI subsystem initialized
Dec 21 22:47:52 peter-x1c kernel: libata version 3.00 loaded.
Dec 21 22:47:52 peter-x1c kernel: ACPI: bus type USB registered
Dec 21 22:47:52 peter-x1c kernel: usbcore: registered new interface driver usbfs
Dec 21 22:47:52 peter-x1c kernel: usbcore: registered new interface driver hub
Dec 21 22:47:52 peter-x1c kernel: usbcore: registered new device driver usb
Dec 21 22:47:52 peter-x1c kernel: pps_core: LinuxPPS API ver. 1 registered
Dec 21 22:47:52 peter-x1c kernel: pps_core: Software ver. 5.3.6 - Copyright 2005-2007 Rodolfo Giometti <giometti@linux.it>
Dec 21 22:47:52 peter-x1c kernel: PTP clock support registered
Dec 21 22:47:52 peter-x1c kernel: EDAC MC: Ver: 3.0.0
Dec 21 22:47:52 peter-x1c kernel: Registered efivars operations
Dec 21 22:47:52 peter-x1c kernel: NetLabel: Initializing
Dec 21 22:47:52 peter-x1c kernel: NetLabel:  domain hash size = 128
Dec 21 22:47:52 peter-x1c kernel: NetLabel:  protocols = UNLABELED CIPSOv4 CALIPSO
Dec 21 22:47:52 peter-x1c kernel: NetLabel:  unlabeled traffic allowed by default
Dec 21 22:47:52 peter-x1c kernel: mctp: management component transport protocol core
Dec 21 22:47:52 peter-x1c kernel: NET: Registered PF_MCTP protocol family
Dec 21 22:47:52 peter-x1c kernel: PCI: Using ACPI for IRQ routing
Dec 21 22:47:52 peter-x1c kernel: PCI: pci_cache_line_size set to 64 bytes
Dec 21 22:47:52 peter-x1c kernel: e820: reserve RAM buffer [mem 0x00058000-0x0005ffff]
Dec 21 22:47:52 peter-x1c kernel: e820: reserve RAM buffer [mem 0x0008c000-0x0008ffff]
Dec 21 22:47:52 peter-x1c kernel: e820: reserve RAM buffer [mem 0x4f211000-0x4fffffff]
Dec 21 22:47:52 peter-x1c kernel: e820: reserve RAM buffer [mem 0x4ff0c000-0x4fffffff]
Dec 21 22:47:52 peter-x1c kernel: e820: reserve RAM buffer [mem 0xb4f52000-0xb7ffffff]
Dec 21 22:47:52 peter-x1c kernel: e820: reserve RAM buffer [mem 0xbe8b9000-0xbfffffff]
Dec 21 22:47:52 peter-x1c kernel: e820: reserve RAM buffer [mem 0x231800000-0x233ffffff]
Dec 21 22:47:52 peter-x1c kernel: pci 0000:00:02.0: vgaarb: setting as boot VGA device
Dec 21 22:47:52 peter-x1c kernel: pci 0000:00:02.0: vgaarb: bridge control possible
Dec 21 22:47:52 peter-x1c kernel: pci 0000:00:02.0: vgaarb: VGA device added: decodes=io+mem,owns=io+mem,locks=none
Dec 21 22:47:52 peter-x1c kernel: vgaarb: loaded
Dec 21 22:47:52 peter-x1c kernel: clocksource: Switched to clocksource tsc-early
Dec 21 22:47:52 peter-x1c kernel: VFS: Disk quotas dquot_6.6.0
Dec 21 22:47:52 peter-x1c kernel: VFS: Dquot-cache hash table entries: 512 (order 0, 4096 bytes)
Dec 21 22:47:52 peter-x1c kernel: pnp: PnP ACPI init
Dec 21 22:47:52 peter-x1c kernel: system 00:00: [mem 0x40000000-0x403fffff] has been reserved
Dec 21 22:47:52 peter-x1c kernel: system 00:01: [mem 0xfd000000-0xfdabffff] has been reserved
Dec 21 22:47:52 peter-x1c kernel: system 00:01: [mem 0xfdad0000-0xfdadffff] has been reserved
Dec 21 22:47:52 peter-x1c kernel: system 00:01: [mem 0xfdb00000-0xfdffffff] has been reserved
Dec 21 22:47:52 peter-x1c kernel: system 00:01: [mem 0xfe000000-0xfe01ffff] could not be reserved
Dec 21 22:47:52 peter-x1c kernel: system 00:01: [mem 0xfe036000-0xfe03bfff] has been reserved
Dec 21 22:47:52 peter-x1c kernel: system 00:01: [mem 0xfe03d000-0xfe3fffff] has been reserved
Dec 21 22:47:52 peter-x1c kernel: system 00:01: [mem 0xfe410000-0xfe7fffff] has been reserved
Dec 21 22:47:52 peter-x1c kernel: system 00:02: [io  0xff00-0xfffe] has been reserved
Dec 21 22:47:52 peter-x1c kernel: system 00:03: [io  0x0680-0x069f] has been reserved
Dec 21 22:47:52 peter-x1c kernel: system 00:03: [io  0xffff] has been reserved
Dec 21 22:47:52 peter-x1c kernel: system 00:03: [io  0xffff] has been reserved
Dec 21 22:47:52 peter-x1c kernel: system 00:03: [io  0xffff] has been reserved
Dec 21 22:47:52 peter-x1c kernel: system 00:03: [io  0x1800-0x18fe] has been reserved
Dec 21 22:47:52 peter-x1c kernel: system 00:03: [io  0x164e-0x164f] has been reserved
Dec 21 22:47:52 peter-x1c kernel: system 00:05: [io  0x1854-0x1857] has been reserved
Dec 21 22:47:52 peter-x1c kernel: system 00:08: [io  0x1800-0x189f] could not be reserved
Dec 21 22:47:52 peter-x1c kernel: system 00:08: [io  0x0800-0x087f] has been reserved
Dec 21 22:47:52 peter-x1c kernel: system 00:08: [io  0x0880-0x08ff] has been reserved
Dec 21 22:47:52 peter-x1c kernel: system 00:08: [io  0x0900-0x097f] has been reserved
Dec 21 22:47:52 peter-x1c kernel: system 00:08: [io  0x0980-0x09ff] has been reserved
Dec 21 22:47:52 peter-x1c kernel: system 00:08: [io  0x0a00-0x0a7f] has been reserved
Dec 21 22:47:52 peter-x1c kernel: system 00:08: [io  0x0a80-0x0aff] has been reserved
Dec 21 22:47:52 peter-x1c kernel: system 00:08: [io  0x0b00-0x0b7f] has been reserved
Dec 21 22:47:52 peter-x1c kernel: system 00:08: [io  0x0b80-0x0bff] has been reserved
Dec 21 22:47:52 peter-x1c kernel: system 00:08: [io  0x15e0-0x15ef] has been reserved
Dec 21 22:47:52 peter-x1c kernel: system 00:08: [io  0x1600-0x167f] could not be reserved
Dec 21 22:47:52 peter-x1c kernel: system 00:08: [io  0x1640-0x165f] could not be reserved
Dec 21 22:47:52 peter-x1c kernel: system 00:08: [mem 0xf0000000-0xf7ffffff] has been reserved
Dec 21 22:47:52 peter-x1c kernel: system 00:08: [mem 0xfed10000-0xfed13fff] has been reserved
Dec 21 22:47:52 peter-x1c kernel: system 00:08: [mem 0xfed18000-0xfed18fff] has been reserved
Dec 21 22:47:52 peter-x1c kernel: system 00:08: [mem 0xfed19000-0xfed19fff] has been reserved
Dec 21 22:47:52 peter-x1c kernel: system 00:08: [mem 0xfeb00000-0xfebfffff] has been reserved
Dec 21 22:47:52 peter-x1c kernel: system 00:08: [mem 0xfed20000-0xfed3ffff] has been reserved
Dec 21 22:47:52 peter-x1c kernel: system 00:08: [mem 0xfed90000-0xfed93fff] could not be reserved
Dec 21 22:47:52 peter-x1c kernel: system 00:08: [mem 0xeffe0000-0xefffffff] has been reserved
Dec 21 22:47:52 peter-x1c kernel: system 00:09: [mem 0xfdaf0000-0xfdafffff] has been reserved
Dec 21 22:47:52 peter-x1c kernel: system 00:09: [mem 0xfdae0000-0xfdaeffff] has been reserved
Dec 21 22:47:52 peter-x1c kernel: system 00:09: [mem 0xfdac0000-0xfdacffff] has been reserved
Dec 21 22:47:52 peter-x1c kernel: system 00:0a: [mem 0xfed10000-0xfed17fff] could not be reserved
Dec 21 22:47:52 peter-x1c kernel: system 00:0a: [mem 0xfed18000-0xfed18fff] has been reserved
Dec 21 22:47:52 peter-x1c kernel: system 00:0a: [mem 0xfed19000-0xfed19fff] has been reserved
Dec 21 22:47:52 peter-x1c kernel: system 00:0a: [mem 0xf0000000-0xf7ffffff] has been reserved
Dec 21 22:47:52 peter-x1c kernel: system 00:0a: [mem 0xfed20000-0xfed3ffff] has been reserved
Dec 21 22:47:52 peter-x1c kernel: system 00:0a: [mem 0xfed90000-0xfed93fff] could not be reserved
Dec 21 22:47:52 peter-x1c kernel: system 00:0a: [mem 0xfed45000-0xfed8ffff] has been reserved
Dec 21 22:47:52 peter-x1c kernel: system 00:0a: [mem 0xff000000-0xffffffff] has been reserved
Dec 21 22:47:52 peter-x1c kernel: system 00:0a: [mem 0xfee00000-0xfeefffff] has been reserved
Dec 21 22:47:52 peter-x1c kernel: system 00:0a: [mem 0xeffe0000-0xefffffff] has been reserved
Dec 21 22:47:52 peter-x1c kernel: pnp 00:0b: disabling [mem 0x000c0000-0x000c3fff] because it overlaps 0000:00:02.0 BAR 6 [mem 0x000c0000-0x000dffff]
Dec 21 22:47:52 peter-x1c kernel: pnp 00:0b: disabling [mem 0x000c8000-0x000cbfff] because it overlaps 0000:00:02.0 BAR 6 [mem 0x000c0000-0x000dffff]
Dec 21 22:47:52 peter-x1c kernel: pnp 00:0b: disabling [mem 0x000d0000-0x000d3fff] because it overlaps 0000:00:02.0 BAR 6 [mem 0x000c0000-0x000dffff]
Dec 21 22:47:52 peter-x1c kernel: pnp 00:0b: disabling [mem 0x000d8000-0x000dbfff] because it overlaps 0000:00:02.0 BAR 6 [mem 0x000c0000-0x000dffff]
Dec 21 22:47:52 peter-x1c kernel: system 00:0b: [mem 0x00000000-0x0009ffff] could not be reserved
Dec 21 22:47:52 peter-x1c kernel: system 00:0b: [mem 0x000e0000-0x000e3fff] could not be reserved
Dec 21 22:47:52 peter-x1c kernel: system 00:0b: [mem 0x000e8000-0x000ebfff] could not be reserved
Dec 21 22:47:52 peter-x1c kernel: system 00:0b: [mem 0x000f0000-0x000fffff] could not be reserved
Dec 21 22:47:52 peter-x1c kernel: system 00:0b: [mem 0x00100000-0xcc7fffff] could not be reserved
Dec 21 22:47:52 peter-x1c kernel: system 00:0b: [mem 0xfec00000-0xfed3ffff] could not be reserved
Dec 21 22:47:52 peter-x1c kernel: system 00:0b: [mem 0xfed4c000-0xffffffff] could not be reserved
Dec 21 22:47:52 peter-x1c kernel: pnp: PnP ACPI: found 12 devices
Dec 21 22:47:52 peter-x1c kernel: clocksource: acpi_pm: mask: 0xffffff max_cycles: 0xffffff, max_idle_ns: 2085701024 ns
Dec 21 22:47:52 peter-x1c kernel: NET: Registered PF_INET protocol family
Dec 21 22:47:52 peter-x1c kernel: IP idents hash table entries: 131072 (order: 8, 1048576 bytes, linear)
Dec 21 22:47:52 peter-x1c kernel: tcp_listen_portaddr_hash hash table entries: 4096 (order: 4, 65536 bytes, linear)
Dec 21 22:47:52 peter-x1c kernel: Table-perturb hash table entries: 65536 (order: 6, 262144 bytes, linear)
Dec 21 22:47:52 peter-x1c kernel: TCP established hash table entries: 65536 (order: 7, 524288 bytes, linear)
Dec 21 22:47:52 peter-x1c kernel: TCP bind hash table entries: 65536 (order: 8, 1048576 bytes, linear)
Dec 21 22:47:52 peter-x1c kernel: TCP: Hash tables configured (established 65536 bind 65536)
Dec 21 22:47:52 peter-x1c kernel: MPTCP token hash table entries: 8192 (order: 5, 196608 bytes, linear)
Dec 21 22:47:52 peter-x1c kernel: UDP hash table entries: 4096 (order: 5, 131072 bytes, linear)
Dec 21 22:47:52 peter-x1c kernel: UDP-Lite hash table entries: 4096 (order: 5, 131072 bytes, linear)
Dec 21 22:47:52 peter-x1c kernel: NET: Registered PF_UNIX/PF_LOCAL protocol family
Dec 21 22:47:52 peter-x1c kernel: NET: Registered PF_XDP protocol family
Dec 21 22:47:52 peter-x1c kernel: pci 0000:00:1d.0: bridge window [io  0x1000-0x0fff] to [bus 05-6f] add_size 1000
Dec 21 22:47:52 peter-x1c kernel: pci 0000:00:1d.0: bridge window [mem 0x00100000-0x000fffff 64bit pref] to [bus 05-6f] add_size 200000 add_align 100000
Dec 21 22:47:52 peter-x1c kernel: clipped [mem size 0x00000000 64bit pref] to [mem size 0xfffffffffffa0000 64bit pref] for e820 entry [mem 0x0008c000-0x000fffff]
Dec 21 22:47:52 peter-x1c kernel: pci 0000:00:1d.0: BAR 15: assigned [mem 0x2000000000-0x20001fffff 64bit pref]
Dec 21 22:47:52 peter-x1c kernel: pci 0000:00:1d.0: BAR 13: assigned [io  0x2000-0x2fff]
Dec 21 22:47:52 peter-x1c kernel: pci 0000:00:1c.0: PCI bridge to [bus 02]
Dec 21 22:47:52 peter-x1c kernel: pci 0000:00:1c.0:   bridge window [mem 0xe0300000-0xe03fffff]
Dec 21 22:47:52 peter-x1c kernel: pci 0000:00:1c.4: PCI bridge to [bus 04]
Dec 21 22:47:52 peter-x1c kernel: pci 0000:00:1c.4:   bridge window [mem 0xe0200000-0xe02fffff]
Dec 21 22:47:52 peter-x1c kernel: pci 0000:00:1d.0: PCI bridge to [bus 05-6f]
Dec 21 22:47:52 peter-x1c kernel: pci 0000:00:1d.0:   bridge window [io  0x2000-0x2fff]
Dec 21 22:47:52 peter-x1c kernel: pci 0000:00:1d.0:   bridge window [mem 0xe0000000-0xe01fffff]
Dec 21 22:47:52 peter-x1c kernel: pci 0000:00:1d.0:   bridge window [mem 0x2000000000-0x20001fffff 64bit pref]
Dec 21 22:47:52 peter-x1c kernel: pci_bus 0000:00: resource 4 [io  0x0000-0x0cf7 window]
Dec 21 22:47:52 peter-x1c kernel: pci_bus 0000:00: resource 5 [io  0x0d00-0xffff window]
Dec 21 22:47:52 peter-x1c kernel: pci_bus 0000:00: resource 6 [mem 0x000a0000-0x000bffff window]
Dec 21 22:47:52 peter-x1c kernel: pci_bus 0000:00: resource 7 [mem 0xcc800000-0xefffffff window]
Dec 21 22:47:52 peter-x1c kernel: pci_bus 0000:00: resource 8 [mem 0x2000000000-0x2fffffffff window]
Dec 21 22:47:52 peter-x1c kernel: pci_bus 0000:00: resource 9 [mem 0xfd000000-0xfe7fffff window]
Dec 21 22:47:52 peter-x1c kernel: pci_bus 0000:02: resource 1 [mem 0xe0300000-0xe03fffff]
Dec 21 22:47:52 peter-x1c kernel: pci_bus 0000:04: resource 1 [mem 0xe0200000-0xe02fffff]
Dec 21 22:47:52 peter-x1c kernel: pci_bus 0000:05: resource 0 [io  0x2000-0x2fff]
Dec 21 22:47:52 peter-x1c kernel: pci_bus 0000:05: resource 1 [mem 0xe0000000-0xe01fffff]
Dec 21 22:47:52 peter-x1c kernel: pci_bus 0000:05: resource 2 [mem 0x2000000000-0x20001fffff 64bit pref]
Dec 21 22:47:52 peter-x1c kernel: PCI: CLS 0 bytes, default 64
Dec 21 22:47:52 peter-x1c kernel: PCI-DMA: Using software bounce buffering for IO (SWIOTLB)
Dec 21 22:47:52 peter-x1c kernel: software IO TLB: mapped [mem 0x00000000b9af3000-0x00000000bdaf3000] (64MB)
Dec 21 22:47:52 peter-x1c kernel: Trying to unpack rootfs image as initramfs...
Dec 21 22:47:52 peter-x1c kernel: sgx: EPC section 0xc0200000-0xc5f7ffff
Dec 21 22:47:52 peter-x1c kernel: Initialise system trusted keyrings
Dec 21 22:47:52 peter-x1c kernel: Key type blacklist registered
Dec 21 22:47:52 peter-x1c kernel: workingset: timestamp_bits=41 max_order=21 bucket_order=0
Dec 21 22:47:52 peter-x1c kernel: zbud: loaded
Dec 21 22:47:52 peter-x1c kernel: integrity: Platform Keyring initialized
Dec 21 22:47:52 peter-x1c kernel: integrity: Machine keyring initialized
Dec 21 22:47:52 peter-x1c kernel: Key type asymmetric registered
Dec 21 22:47:52 peter-x1c kernel: Asymmetric key parser 'x509' registered
Dec 21 22:47:52 peter-x1c kernel: Freeing initrd memory: 14848K
Dec 21 22:47:52 peter-x1c kernel: alg: self-tests for CTR-KDF (hmac(sha256)) passed
Dec 21 22:47:52 peter-x1c kernel: Block layer SCSI generic (bsg) driver version 0.4 loaded (major 242)
Dec 21 22:47:52 peter-x1c kernel: io scheduler mq-deadline registered
Dec 21 22:47:52 peter-x1c kernel: io scheduler kyber registered
Dec 21 22:47:52 peter-x1c kernel: io scheduler bfq registered
Dec 21 22:47:52 peter-x1c kernel: shpchp: Standard Hot Plug PCI Controller Driver version: 0.4
Dec 21 22:47:52 peter-x1c kernel: ACPI: AC: AC Adapter [AC] (off-line)
Dec 21 22:47:52 peter-x1c kernel: input: Sleep Button as /devices/LNXSYSTM:00/LNXSYBUS:00/PNP0C0E:00/input/input0
Dec 21 22:47:52 peter-x1c kernel: ACPI: button: Sleep Button [SLPB]
Dec 21 22:47:52 peter-x1c kernel: input: Lid Switch as /devices/LNXSYSTM:00/LNXSYBUS:00/PNP0C0D:00/input/input1
Dec 21 22:47:52 peter-x1c kernel: ACPI: button: Lid Switch [LID]
Dec 21 22:47:52 peter-x1c kernel: input: Power Button as /devices/LNXSYSTM:00/LNXPWRBN:00/input/input2
Dec 21 22:47:52 peter-x1c kernel: ACPI: button: Power Button [PWRF]
Dec 21 22:47:52 peter-x1c kernel: thermal LNXTHERM:00: registered as thermal_zone0
Dec 21 22:47:52 peter-x1c kernel: ACPI: thermal: Thermal Zone [THM0] (44 C)
Dec 21 22:47:52 peter-x1c kernel: Serial: 8250/16550 driver, 32 ports, IRQ sharing enabled
Dec 21 22:47:52 peter-x1c kernel: serial 0000:00:16.3: enabling device (0000 -> 0003)
Dec 21 22:47:52 peter-x1c kernel: 0000:00:16.3: ttyS4 at I/O 0xe060 (irq = 19, base_baud = 115200) is a 16550A
Dec 21 22:47:52 peter-x1c kernel: hpet_acpi_add: no address or irqs in _CRS
Dec 21 22:47:52 peter-x1c kernel: Non-volatile memory driver v1.3
Dec 21 22:47:52 peter-x1c kernel: Linux agpgart interface v0.103
Dec 21 22:47:52 peter-x1c kernel: tpm_tis STM7320:00: 2.0 TPM (device-id 0x0, rev-id 78)
Dec 21 22:47:52 peter-x1c kernel: AMD-Vi: AMD IOMMUv2 functionality not available on this system - This is not a bug.
Dec 21 22:47:52 peter-x1c kernel: ACPI: bus type drm_connector registered
Dec 21 22:47:52 peter-x1c kernel: ehci_hcd: USB 2.0 'Enhanced' Host Controller (EHCI) Driver
Dec 21 22:47:52 peter-x1c kernel: ehci-pci: EHCI PCI platform driver
Dec 21 22:47:52 peter-x1c kernel: ohci_hcd: USB 1.1 'Open' Host Controller (OHCI) Driver
Dec 21 22:47:52 peter-x1c kernel: ohci-pci: OHCI PCI platform driver
Dec 21 22:47:52 peter-x1c kernel: uhci_hcd: USB Universal Host Controller Interface driver
Dec 21 22:47:52 peter-x1c kernel: usbcore: registered new interface driver usbserial_generic
Dec 21 22:47:52 peter-x1c kernel: usbserial: USB Serial support registered for generic
Dec 21 22:47:52 peter-x1c kernel: rtc_cmos 00:04: RTC can wake from S4
Dec 21 22:47:52 peter-x1c kernel: rtc_cmos 00:04: registered as rtc0
Dec 21 22:47:52 peter-x1c kernel: rtc_cmos 00:04: setting system clock to 2022-12-21T11:47:50 UTC (1671623270)
Dec 21 22:47:52 peter-x1c kernel: rtc_cmos 00:04: alarms up to one month, y3k, 242 bytes nvram
Dec 21 22:47:52 peter-x1c kernel: intel_pstate: Intel P-state driver initializing
Dec 21 22:47:52 peter-x1c kernel: ACPI: battery: Slot [BAT0] (battery present)
Dec 21 22:47:52 peter-x1c kernel: intel_pstate: HWP enabled
Dec 21 22:47:52 peter-x1c kernel: ledtrig-cpu: registered to indicate activity on CPUs
Dec 21 22:47:52 peter-x1c kernel: efifb: probing for efifb
Dec 21 22:47:52 peter-x1c kernel: efifb: No BGRT, not showing boot graphics
Dec 21 22:47:52 peter-x1c kernel: efifb: framebuffer at 0xd0000000, using 8128k, total 8128k
Dec 21 22:47:52 peter-x1c kernel: efifb: mode is 1920x1080x32, linelength=7680, pages=1
Dec 21 22:47:52 peter-x1c kernel: efifb: scrolling: redraw
Dec 21 22:47:52 peter-x1c kernel: efifb: Truecolor: size=8:8:8:8, shift=24:16:8:0
Dec 21 22:47:52 peter-x1c kernel: fbcon: Deferring console take-over
Dec 21 22:47:52 peter-x1c kernel: fb0: EFI VGA frame buffer device
Dec 21 22:47:52 peter-x1c kernel: hid: raw HID events driver (C) Jiri Kosina
Dec 21 22:47:52 peter-x1c kernel: intel_pmc_core intel_pmc_core.0:  initialized
Dec 21 22:47:52 peter-x1c kernel: drop_monitor: Initializing network drop monitor service
Dec 21 22:47:52 peter-x1c kernel: Initializing XFRM netlink socket
Dec 21 22:47:52 peter-x1c kernel: NET: Registered PF_INET6 protocol family
Dec 21 22:47:52 peter-x1c kernel: Segment Routing with IPv6
Dec 21 22:47:52 peter-x1c kernel: RPL Segment Routing with IPv6
Dec 21 22:47:52 peter-x1c kernel: In-situ OAM (IOAM) with IPv6
Dec 21 22:47:52 peter-x1c kernel: NET: Registered PF_PACKET protocol family
Dec 21 22:47:52 peter-x1c kernel: microcode: sig=0x806ea, pf=0x80, revision=0xf0
Dec 21 22:47:52 peter-x1c kernel: microcode: Microcode Update Driver: v2.2.
Dec 21 22:47:52 peter-x1c kernel: IPI shorthand broadcast: enabled
Dec 21 22:47:52 peter-x1c kernel: sched_clock: Marking stable (679467733, 6722705)->(740733076, -54542638)
Dec 21 22:47:52 peter-x1c kernel: registered taskstats version 1
Dec 21 22:47:52 peter-x1c kernel: Loading compiled-in X.509 certificates
Dec 21 22:47:52 peter-x1c kernel: Loaded X.509 cert 'Build time autogenerated kernel key: 9ad0ad2e4718ddd8dfa597cf7ac0fdb2fff110ad'
Dec 21 22:47:52 peter-x1c kernel: zswap: loaded using pool lz4/z3fold
Dec 21 22:47:52 peter-x1c kernel: Key type .fscrypt registered
Dec 21 22:47:52 peter-x1c kernel: Key type fscrypt-provisioning registered
Dec 21 22:47:52 peter-x1c kernel: integrity: Loading X.509 certificate: UEFI:db
Dec 21 22:47:52 peter-x1c kernel: integrity: Loaded X.509 cert 'Lenovo Ltd.: ThinkPad Product CA 2012: 838b1f54c1550463f45f98700640f11069265949'
Dec 21 22:47:52 peter-x1c kernel: integrity: Loading X.509 certificate: UEFI:db
Dec 21 22:47:52 peter-x1c kernel: integrity: Loaded X.509 cert 'Lenovo UEFI CA 2014: 4b91a68732eaefdd2c8ffffc6b027ec3449e9c8f'
Dec 21 22:47:52 peter-x1c kernel: integrity: Loading X.509 certificate: UEFI:db
Dec 21 22:47:52 peter-x1c kernel: integrity: Loaded X.509 cert 'Microsoft Corporation UEFI CA 2011: 13adbf4309bd82709c8cd54f316ed522988a1bd4'
Dec 21 22:47:52 peter-x1c kernel: integrity: Loading X.509 certificate: UEFI:db
Dec 21 22:47:52 peter-x1c kernel: integrity: Loaded X.509 cert 'Microsoft Windows Production PCA 2011: a92902398e16c49778cd90f99e4f9ae17c55af53'
Dec 21 22:47:52 peter-x1c kernel: PM:   Magic number: 2:19:783
Dec 21 22:47:52 peter-x1c kernel: RAS: Correctable Errors collector initialized.
Dec 21 22:47:52 peter-x1c kernel: Freeing unused decrypted memory: 2036K
Dec 21 22:47:52 peter-x1c kernel: Freeing unused kernel image (initmem) memory: 2128K
Dec 21 22:47:52 peter-x1c kernel: Write protecting the kernel read-only data: 30720k
Dec 21 22:47:52 peter-x1c kernel: Freeing unused kernel image (text/rodata gap) memory: 2040K
Dec 21 22:47:52 peter-x1c kernel: Freeing unused kernel image (rodata/data gap) memory: 908K
Dec 21 22:47:52 peter-x1c kernel: x86/mm: Checked W+X mappings: passed, no W+X pages found.
Dec 21 22:47:52 peter-x1c kernel: rodata_test: all tests were successful
Dec 21 22:47:52 peter-x1c kernel: x86/mm: Checking user space page tables
Dec 21 22:47:52 peter-x1c kernel: x86/mm: Checked W+X mappings: passed, no W+X pages found.
Dec 21 22:47:52 peter-x1c kernel: Run /init as init process
Dec 21 22:47:52 peter-x1c kernel:   with arguments:
Dec 21 22:47:52 peter-x1c kernel:     /init
Dec 21 22:47:52 peter-x1c kernel:   with environment:
Dec 21 22:47:52 peter-x1c kernel:     HOME=/
Dec 21 22:47:52 peter-x1c kernel:     TERM=linux
Dec 21 22:47:52 peter-x1c kernel:     BOOT_IMAGE=/boot/vmlinuz-linux
Dec 21 22:47:52 peter-x1c kernel:     nvme_load=yes
Dec 21 22:47:52 peter-x1c kernel: fbcon: Taking over console
Dec 21 22:47:52 peter-x1c kernel: Console: switching to colour frame buffer device 240x67
Dec 21 22:47:52 peter-x1c kernel: i8042: PNP: PS/2 Controller [PNP0303:KBD,PNP0f13:MOU] at 0x60,0x64 irq 1,12
Dec 21 22:47:52 peter-x1c kernel: serio: i8042 KBD port at 0x60,0x64 irq 1
Dec 21 22:47:52 peter-x1c kernel: serio: i8042 AUX port at 0x60,0x64 irq 12
Dec 21 22:47:52 peter-x1c kernel: xhci_hcd 0000:00:14.0: xHCI Host Controller
Dec 21 22:47:52 peter-x1c kernel: xhci_hcd 0000:00:14.0: new USB bus registered, assigned bus number 1
Dec 21 22:47:52 peter-x1c kernel: xhci_hcd 0000:00:14.0: hcc params 0x200077c1 hci version 0x100 quirks 0x0000000081109810
Dec 21 22:47:52 peter-x1c kernel: xhci_hcd 0000:00:14.0: xHCI Host Controller
Dec 21 22:47:52 peter-x1c kernel: xhci_hcd 0000:00:14.0: new USB bus registered, assigned bus number 2
Dec 21 22:47:52 peter-x1c kernel: xhci_hcd 0000:00:14.0: Host supports USB 3.0 SuperSpeed
Dec 21 22:47:52 peter-x1c kernel: usb usb1: New USB device found, idVendor=1d6b, idProduct=0002, bcdDevice= 6.00
Dec 21 22:47:52 peter-x1c kernel: usb usb1: New USB device strings: Mfr=3, Product=2, SerialNumber=1
Dec 21 22:47:52 peter-x1c kernel: usb usb1: Product: xHCI Host Controller
Dec 21 22:47:52 peter-x1c kernel: usb usb1: Manufacturer: Linux 6.0.12-arch1-1 xhci-hcd
Dec 21 22:47:52 peter-x1c kernel: usb usb1: SerialNumber: 0000:00:14.0
Dec 21 22:47:52 peter-x1c kernel: hub 1-0:1.0: USB hub found
Dec 21 22:47:52 peter-x1c kernel: hub 1-0:1.0: 12 ports detected
Dec 21 22:47:52 peter-x1c kernel: usb usb2: New USB device found, idVendor=1d6b, idProduct=0003, bcdDevice= 6.00
Dec 21 22:47:52 peter-x1c kernel: usb usb2: New USB device strings: Mfr=3, Product=2, SerialNumber=1
Dec 21 22:47:52 peter-x1c kernel: usb usb2: Product: xHCI Host Controller
Dec 21 22:47:52 peter-x1c kernel: usb usb2: Manufacturer: Linux 6.0.12-arch1-1 xhci-hcd
Dec 21 22:47:52 peter-x1c kernel: usb usb2: SerialNumber: 0000:00:14.0
Dec 21 22:47:52 peter-x1c kernel: hub 2-0:1.0: USB hub found
Dec 21 22:47:52 peter-x1c kernel: hub 2-0:1.0: 6 ports detected
Dec 21 22:47:52 peter-x1c kernel: usb: port power management may be unreliable
Dec 21 22:47:52 peter-x1c kernel: nvme nvme0: pci function 0000:04:00.0
Dec 21 22:47:52 peter-x1c kernel: nvme nvme0: Shutdown timeout set to 8 seconds
Dec 21 22:47:52 peter-x1c kernel: nvme nvme0: 8/0/0 default/read/poll queues
Dec 21 22:47:52 peter-x1c kernel:  nvme0n1: p1 p2 p3 p4
Dec 21 22:47:52 peter-x1c kernel: input: AT Translated Set 2 keyboard as /devices/platform/i8042/serio0/input/input3
Dec 21 22:47:52 peter-x1c kernel: usb 1-1: new full-speed USB device number 2 using xhci_hcd
Dec 21 22:47:52 peter-x1c kernel: EXT4-fs (nvme0n1p3): mounted filesystem with ordered data mode. Quota mode: none.
Dec 21 22:47:52 peter-x1c kernel: usb 1-1: New USB device found, idVendor=045e, idProduct=07b2, bcdDevice= 7.04
Dec 21 22:47:52 peter-x1c kernel: usb 1-1: New USB device strings: Mfr=1, Product=2, SerialNumber=0
Dec 21 22:47:52 peter-x1c kernel: usb 1-1: Product: Microsoft Nano Transceiver v1.0
Dec 21 22:47:52 peter-x1c kernel: usb 1-1: Manufacturer: Microsoft
Dec 21 22:47:52 peter-x1c kernel: tsc: Refined TSC clocksource calibration: 1896.000 MHz
Dec 21 22:47:52 peter-x1c kernel: clocksource: tsc: mask: 0xffffffffffffffff max_cycles: 0x36a8d32ce31, max_idle_ns: 881590731004 ns
Dec 21 22:47:52 peter-x1c kernel: clocksource: Switched to clocksource tsc
Dec 21 22:47:52 peter-x1c systemd[1]: systemd 252.4-1-arch running in system mode (+PAM +AUDIT -SELINUX -APPARMOR -IMA +SMACK +SECCOMP +GCRYPT +GNUTLS +OPENSSL +ACL +BLKID +CURL +ELFUTILS +FIDO2 +IDN2 -IDN +IPTC +KMOD +LIBCRYPTSETUP +LIBFDISK +PCRE2 -PWQUALITY +P11KIT -QRENCODE +TPM2 +BZIP2 +LZ4 +XZ +ZLIB +ZSTD +BPF_FRAMEWORK +XKBCOMMON +UTMP -SYSVINIT default-hierarchy=unified)
Dec 21 22:47:52 peter-x1c systemd[1]: Detected architecture x86-64.
Dec 21 22:47:52 peter-x1c systemd[1]: Hostname set to <peter-x1c>.
Dec 21 22:47:52 peter-x1c kernel: usb 2-3: new SuperSpeed USB device number 2 using xhci_hcd
Dec 21 22:47:52 peter-x1c kernel: usb 2-3: New USB device found, idVendor=0bda, idProduct=0328, bcdDevice=29.08
Dec 21 22:47:52 peter-x1c kernel: usb 2-3: New USB device strings: Mfr=1, Product=2, SerialNumber=3
Dec 21 22:47:52 peter-x1c kernel: usb 2-3: Product: USB3.0-CRW
Dec 21 22:47:52 peter-x1c kernel: usb 2-3: Manufacturer: Generic
Dec 21 22:47:52 peter-x1c kernel: usb 2-3: SerialNumber: 28203008282014000
Dec 21 22:47:52 peter-x1c kernel: usb 1-7: new full-speed USB device number 3 using xhci_hcd
Dec 21 22:47:52 peter-x1c kernel: usb 1-7: New USB device found, idVendor=8087, idProduct=0a2b, bcdDevice= 0.10
Dec 21 22:47:52 peter-x1c kernel: usb 1-7: New USB device strings: Mfr=0, Product=0, SerialNumber=0
Dec 21 22:47:52 peter-x1c kernel: usb 1-8: new high-speed USB device number 4 using xhci_hcd
Dec 21 22:47:52 peter-x1c systemd[1]: bpf-lsm: LSM BPF program attached
Dec 21 22:47:52 peter-x1c kernel: usb 1-8: New USB device found, idVendor=04f2, idProduct=b61e, bcdDevice= 4.25
Dec 21 22:47:52 peter-x1c kernel: usb 1-8: New USB device strings: Mfr=3, Product=1, SerialNumber=2
Dec 21 22:47:52 peter-x1c kernel: usb 1-8: Product: Integrated Camera
Dec 21 22:47:52 peter-x1c kernel: usb 1-8: Manufacturer: Chicony Electronics Co.,Ltd.
Dec 21 22:47:52 peter-x1c kernel: usb 1-8: SerialNumber: 0001
Dec 21 22:47:52 peter-x1c systemd[1]: /usr/lib/systemd/system/teamviewerd.service:9: PIDFile= references a path below legacy directory /var/run/, updating /var/run/teamviewerd.pid  /run/teamviewerd.pid; please update the unit file accordingly.
Dec 21 22:47:52 peter-x1c systemd[1]: Queued start job for default target Graphical Interface.
Dec 21 22:47:52 peter-x1c kernel: usb 1-9: new full-speed USB device number 5 using xhci_hcd
Dec 21 22:47:52 peter-x1c systemd[1]: Created slice Slice /hostcritical.
Dec 21 22:47:52 peter-x1c systemd[1]: Created slice Slice /system/getty.
Dec 21 22:47:52 peter-x1c systemd[1]: Created slice Slice /system/modprobe.
Dec 21 22:47:52 peter-x1c systemd[1]: Created slice Slice /system/systemd-fsck.
Dec 21 22:47:52 peter-x1c systemd[1]: Created slice User and Session Slice.
Dec 21 22:47:52 peter-x1c systemd[1]: Started Dispatch Password Requests to Console Directory Watch.
Dec 21 22:47:52 peter-x1c systemd[1]: Started Forward Password Requests to Wall Directory Watch.
Dec 21 22:47:52 peter-x1c systemd[1]: Set up automount Arbitrary Executable File Formats File System Automount Point.
Dec 21 22:47:52 peter-x1c systemd[1]: Reached target Local Encrypted Volumes.
Dec 21 22:47:52 peter-x1c systemd[1]: Reached target Login Prompts.
Dec 21 22:47:52 peter-x1c systemd[1]: Reached target Local Integrity Protected Volumes.
Dec 21 22:47:52 peter-x1c systemd[1]: Reached target Remote File Systems.
Dec 21 22:47:52 peter-x1c systemd[1]: Reached target Slice Units.
Dec 21 22:47:52 peter-x1c systemd[1]: Reached target Local Verity Protected Volumes.
Dec 21 22:47:52 peter-x1c systemd[1]: Listening on Device-mapper event daemon FIFOs.
Dec 21 22:47:52 peter-x1c systemd[1]: Listening on LVM2 poll daemon socket.
Dec 21 22:47:52 peter-x1c systemd[1]: Listening on Process Core Dump Socket.
Dec 21 22:47:52 peter-x1c systemd[1]: Journal Audit Socket was skipped because of an unmet condition check (ConditionSecurity=audit).
Dec 21 22:47:52 peter-x1c systemd[1]: Listening on Journal Socket (/dev/log).
Dec 21 22:47:52 peter-x1c systemd[1]: Listening on Journal Socket.
Dec 21 22:47:52 peter-x1c systemd[1]: Listening on udev Control Socket.
Dec 21 22:47:52 peter-x1c systemd[1]: Listening on udev Kernel Socket.
Dec 21 22:47:52 peter-x1c systemd[1]: Mounting Huge Pages File System...
Dec 21 22:47:52 peter-x1c systemd[1]: Mounting POSIX Message Queue File System...
Dec 21 22:47:52 peter-x1c systemd[1]: Mounting Kernel Debug File System...
Dec 21 22:47:52 peter-x1c systemd[1]: Mounting Kernel Trace File System...
Dec 21 22:47:52 peter-x1c systemd[1]: Starting Create List of Static Device Nodes...
Dec 21 22:47:52 peter-x1c systemd[1]: Starting Monitoring of LVM2 mirrors, snapshots etc. using dmeventd or progress polling...
Dec 21 22:47:52 peter-x1c systemd[1]: Starting Load Kernel Module configfs...
Dec 21 22:47:52 peter-x1c systemd[1]: Starting Load Kernel Module drm...
Dec 21 22:47:52 peter-x1c systemd[1]: Starting Load Kernel Module fuse...
Dec 21 22:47:52 peter-x1c systemd[1]: File System Check on Root Device was skipped because of an unmet condition check (ConditionPathIsReadWrite=!/).
Dec 21 22:47:52 peter-x1c systemd[1]: Starting Journal Service...
Dec 21 22:47:52 peter-x1c systemd[1]: Starting Load Kernel Modules...
Dec 21 22:47:52 peter-x1c systemd[1]: Starting Remount Root and Kernel File Systems...
Dec 21 22:47:52 peter-x1c systemd[1]: Repartition Root Disk was skipped because no trigger condition checks were met.
Dec 21 22:47:52 peter-x1c systemd[1]: Starting Coldplug All udev Devices...
Dec 21 22:47:52 peter-x1c systemd[1]: Mounted Huge Pages File System.
Dec 21 22:47:52 peter-x1c systemd[1]: Mounted POSIX Message Queue File System.
Dec 21 22:47:52 peter-x1c systemd[1]: Mounted Kernel Debug File System.
Dec 21 22:47:52 peter-x1c systemd[1]: Mounted Kernel Trace File System.
Dec 21 22:47:52 peter-x1c kernel: EXT4-fs (nvme0n1p3): re-mounted. Quota mode: none.
Dec 21 22:47:52 peter-x1c kernel: fuse: init (API version 7.36)
Dec 21 22:47:52 peter-x1c systemd[1]: Finished Create List of Static Device Nodes.
Dec 21 22:47:52 peter-x1c systemd[1]: modprobe@configfs.service: Deactivated successfully.
Dec 21 22:47:52 peter-x1c systemd-journald[262]: Journal started
Dec 21 22:47:52 peter-x1c systemd-journald[262]: Runtime Journal (/run/log/journal/291fdae7c7f54a8d8f20ce8d07980651) is 8.0M, max 384.4M, 376.4M free.
Dec 21 22:47:52 peter-x1c systemd-modules-load[263]: Inserted module 'crypto_user'
Dec 21 22:47:52 peter-x1c kernel: usb 1-9: New USB device found, idVendor=06cb, idProduct=009a, bcdDevice= 1.64
Dec 21 22:47:52 peter-x1c kernel: usb 1-9: New USB device strings: Mfr=0, Product=0, SerialNumber=1
Dec 21 22:47:52 peter-x1c kernel: usb 1-9: SerialNumber: b575a8800404
Dec 21 22:47:52 peter-x1c systemd[1]: Finished Load Kernel Module configfs.
Dec 21 22:47:52 peter-x1c systemd[1]: Started Journal Service.
Dec 21 22:47:52 peter-x1c systemd[1]: modprobe@drm.service: Deactivated successfully.
Dec 21 22:47:52 peter-x1c systemd[1]: Finished Load Kernel Module drm.
Dec 21 22:47:52 peter-x1c systemd[1]: Finished Monitoring of LVM2 mirrors, snapshots etc. using dmeventd or progress polling.
Dec 21 22:47:52 peter-x1c systemd[1]: modprobe@fuse.service: Deactivated successfully.
Dec 21 22:47:52 peter-x1c systemd[1]: Finished Load Kernel Module fuse.
Dec 21 22:47:52 peter-x1c systemd[1]: Finished Load Kernel Modules.
Dec 21 22:47:52 peter-x1c systemd[1]: Finished Remount Root and Kernel File Systems.
Dec 21 22:47:52 peter-x1c systemd[1]: Finished Coldplug All udev Devices.
Dec 21 22:47:52 peter-x1c systemd[1]: Mounting FUSE Control File System...
Dec 21 22:47:52 peter-x1c systemd[1]: Mounting Kernel Configuration File System...
Dec 21 22:47:52 peter-x1c systemd[1]: First Boot Wizard was skipped because of an unmet condition check (ConditionFirstBoot=yes).
Dec 21 22:47:52 peter-x1c systemd[1]: Rebuild Hardware Database was skipped because of an unmet condition check (ConditionNeedsUpdate=/etc).
Dec 21 22:47:52 peter-x1c systemd[1]: Starting Flush Journal to Persistent Storage...
Dec 21 22:47:52 peter-x1c systemd[1]: Starting Load/Save Random Seed...
Dec 21 22:47:52 peter-x1c systemd[1]: Starting Apply Kernel Variables...
Dec 21 22:47:52 peter-x1c systemd[1]: Create System Users was skipped because no trigger condition checks were met.
Dec 21 22:47:52 peter-x1c systemd[1]: Starting Create Static Device Nodes in /dev...
Dec 21 22:47:52 peter-x1c systemd-journald[262]: Runtime Journal (/run/log/journal/291fdae7c7f54a8d8f20ce8d07980651) is 8.0M, max 384.4M, 376.4M free.
Dec 21 22:47:52 peter-x1c systemd-journald[262]: Received client request to flush runtime journal.
Dec 21 22:47:52 peter-x1c systemd[1]: Mounted FUSE Control File System.
Dec 21 22:47:52 peter-x1c systemd[1]: Mounted Kernel Configuration File System.
Dec 21 22:47:52 peter-x1c systemd[1]: Finished Flush Journal to Persistent Storage.
Dec 21 22:47:52 peter-x1c systemd[1]: Finished Load/Save Random Seed.
Dec 21 22:47:52 peter-x1c systemd[1]: Finished Apply Kernel Variables.
Dec 21 22:47:52 peter-x1c systemd[1]: First Boot Complete was skipped because of an unmet condition check (ConditionFirstBoot=yes).
Dec 21 22:47:52 peter-x1c systemd[1]: Finished Create Static Device Nodes in /dev.
Dec 21 22:47:52 peter-x1c systemd[1]: Reached target Preparation for Local File Systems.
Dec 21 22:47:52 peter-x1c systemd[1]: Virtual Machine and Container Storage (Compatibility) was skipped because of an unmet condition check (ConditionPathExists=/var/lib/machines.raw).
Dec 21 22:47:52 peter-x1c systemd[1]: Starting Rule-based Manager for Device Events and Files...
Dec 21 22:47:52 peter-x1c systemd-udevd[277]: Using default interface naming scheme 'v252'.
Dec 21 22:47:52 peter-x1c systemd-udevd[277]: /usr/lib/udev/rules.d/69-mixxx-usb-uaccess.rules:57 Unknown group 'uaccess', ignoring
Dec 21 22:47:52 peter-x1c systemd[1]: Started Rule-based Manager for Device Events and Files.
Dec 21 22:47:52 peter-x1c mtp-probe[297]: checking bus 1, device 5: "/sys/devices/pci0000:00/0000:00:14.0/usb1/1-9"
Dec 21 22:47:52 peter-x1c mtp-probe[297]: bus: 1, device: 5 was not an MTP device
Dec 21 22:47:52 peter-x1c systemd-udevd[303]: event_source: Failed to get device name: No such file or directory
Dec 21 22:47:52 peter-x1c systemd[1]: Found device SAMSUNG MZVLB256HAHQ-000L7 1.
Dec 21 22:47:52 peter-x1c systemd[1]: Found device SAMSUNG MZVLB256HAHQ-000L7 4.
Dec 21 22:47:52 peter-x1c systemd[1]: Found device SAMSUNG MZVLB256HAHQ-000L7 Swap.
Dec 21 22:47:52 peter-x1c systemd[1]: Activating swap Swap Partition...
Dec 21 22:47:52 peter-x1c systemd[1]: First Boot Wizard was skipped because of an unmet condition check (ConditionFirstBoot=yes).
Dec 21 22:47:52 peter-x1c systemd[1]: First Boot Complete was skipped because of an unmet condition check (ConditionFirstBoot=yes).
Dec 21 22:47:52 peter-x1c systemd[1]: File System Check on Root Device was skipped because of an unmet condition check (ConditionPathIsReadWrite=!/).
Dec 21 22:47:52 peter-x1c systemd[1]: Starting File System Check on /dev/disk/by-uuid/374C-0EA6...
Dec 21 22:47:52 peter-x1c systemd[1]: Starting File System Check on /dev/disk/by-uuid/43888dae-ae8a-4cb2-871d-2885b1537752...
Dec 21 22:47:52 peter-x1c systemd[1]: Rebuild Hardware Database was skipped because of an unmet condition check (ConditionNeedsUpdate=/etc).
Dec 21 22:47:52 peter-x1c systemd[1]: Repartition Root Disk was skipped because no trigger condition checks were met.
Dec 21 22:47:52 peter-x1c systemd[1]: Create System Users was skipped because no trigger condition checks were met.
Dec 21 22:47:52 peter-x1c kernel: Adding 8388604k swap on /dev/nvme0n1p2.  Priority:-2 extents:1 across:8388604k SSFS
Dec 21 22:47:52 peter-x1c systemd[1]: Activated swap Swap Partition.
Dec 21 22:47:52 peter-x1c systemd[1]: Reached target Swaps.
Dec 21 22:47:52 peter-x1c systemd[1]: tmp.mount: Directory /tmp to mount over is not empty, mounting anyway.
Dec 21 22:47:52 peter-x1c systemd[1]: Mounting /tmp...
Dec 21 22:47:52 peter-x1c systemd[1]: Mounted /tmp.
Dec 21 22:47:52 peter-x1c systemd-fsck[327]: /dev/nvme0n1p1: recovering journal
Dec 21 22:47:52 peter-x1c systemd-fsck[326]: fsck.fat 4.2 (2021-01-31)
Dec 21 22:47:52 peter-x1c systemd-fsck[326]: There are differences between boot sector and its backup.
Dec 21 22:47:52 peter-x1c systemd-fsck[326]: This is mostly harmless. Differences: (offset:original/backup)
Dec 21 22:47:52 peter-x1c systemd-fsck[326]:   65:01/00
Dec 21 22:47:52 peter-x1c systemd-fsck[326]:   Not automatically fixing this.
Dec 21 22:47:52 peter-x1c systemd-fsck[326]: Dirty bit is set. Fs was not properly unmounted and some data may be corrupt.
Dec 21 22:47:52 peter-x1c systemd-fsck[326]:  Automatically removing dirty bit.
Dec 21 22:47:52 peter-x1c systemd-fsck[326]: *** Filesystem was changed ***
Dec 21 22:47:52 peter-x1c systemd-fsck[326]: Writing changes.
Dec 21 22:47:52 peter-x1c systemd-fsck[326]: /dev/nvme0n1p4: 369 files, 5843/153040 clusters
Dec 21 22:47:52 peter-x1c kernel: Consider using thermal netlink events interface
Dec 21 22:47:52 peter-x1c systemd[1]: Finished File System Check on /dev/disk/by-uuid/374C-0EA6.
Dec 21 22:47:52 peter-x1c systemd[1]: Mounting /boot/efi...
Dec 21 22:47:53 peter-x1c kernel: acpi PNP0C14:02: duplicate WMI GUID 05901221-D566-11D1-B2F0-00A0C9062910 (first instance was on PNP0C14:01)
Dec 21 22:47:53 peter-x1c kernel: acpi PNP0C14:03: duplicate WMI GUID 05901221-D566-11D1-B2F0-00A0C9062910 (first instance was on PNP0C14:01)
Dec 21 22:47:53 peter-x1c kernel: acpi PNP0C14:04: duplicate WMI GUID 05901221-D566-11D1-B2F0-00A0C9062910 (first instance was on PNP0C14:01)
Dec 21 22:47:53 peter-x1c systemd[1]: Mounted /boot/efi.
Dec 21 22:47:53 peter-x1c systemd-udevd[284]: could not read from '/sys/module/pcc_cpufreq/initstate': No such device
Dec 21 22:47:53 peter-x1c kernel: mei_me 0000:00:16.0: enabling device (0004 -> 0006)
Dec 21 22:47:53 peter-x1c kernel: i801_smbus 0000:00:1f.4: enabling device (0000 -> 0003)
Dec 21 22:47:53 peter-x1c kernel: cfg80211: Loading compiled-in X.509 certificates for regulatory database
Dec 21 22:47:53 peter-x1c kernel: i801_smbus 0000:00:1f.4: SPD Write Disable is set
Dec 21 22:47:53 peter-x1c kernel: i801_smbus 0000:00:1f.4: SMBus using PCI interrupt
Dec 21 22:47:53 peter-x1c kernel: pci 0000:00:1f.1: [8086:9d20] type 00 class 0x058000
Dec 21 22:47:53 peter-x1c kernel: pci 0000:00:1f.1: reg 0x10: [mem 0xfd000000-0xfdffffff 64bit]
Dec 21 22:47:53 peter-x1c kernel: i2c i2c-0: 2/2 memory slots populated (from DMI)
Dec 21 22:47:53 peter-x1c kernel: e1000e: Intel(R) PRO/1000 Network Driver
Dec 21 22:47:53 peter-x1c kernel: e1000e: Copyright(c) 1999 - 2015 Intel Corporation.
Dec 21 22:47:53 peter-x1c kernel: cfg80211: Loaded X.509 cert 'sforshee: 00b28ddf47aef9cea7'
Dec 21 22:47:53 peter-x1c kernel: resource sanity check: requesting [mem 0xfed10000-0xfed15fff], which spans more than pnp 00:08 [mem 0xfed10000-0xfed13fff]
Dec 21 22:47:53 peter-x1c kernel: caller snb_uncore_imc_init_box+0x84/0xd0 [intel_uncore] mapping multiple BARs
Dec 21 22:47:53 peter-x1c kernel: thinkpad_acpi: ThinkPad ACPI Extras v0.26
Dec 21 22:47:53 peter-x1c kernel: thinkpad_acpi: http://ibm-acpi.sf.net/
Dec 21 22:47:53 peter-x1c kernel: thinkpad_acpi: ThinkPad BIOS N23ET83W (1.58 ), EC N23HT37W
Dec 21 22:47:53 peter-x1c kernel: thinkpad_acpi: Lenovo ThinkPad X1 Carbon 6th, model 20KGS2AQ1A
Dec 21 22:47:53 peter-x1c kernel: e1000e 0000:00:1f.6: Interrupt Throttling Rate (ints/sec) set to dynamic conservative mode
Dec 21 22:47:53 peter-x1c kernel: thinkpad_acpi: radio switch found; radios are enabled
Dec 21 22:47:53 peter-x1c kernel: thinkpad_acpi: This ThinkPad has standard ACPI backlight brightness control, supported by the ACPI video driver
Dec 21 22:47:53 peter-x1c kernel: thinkpad_acpi: Disabling thinkpad-acpi brightness events by default...
Dec 21 22:47:53 peter-x1c kernel: proc_thermal 0000:00:04.0: enabling device (0000 -> 0002)
Dec 21 22:47:53 peter-x1c kernel: intel_rapl_common: Found RAPL domain package
Dec 21 22:47:53 peter-x1c kernel: intel_rapl_common: Found RAPL domain dram
Dec 21 22:47:53 peter-x1c kernel: thinkpad_acpi: rfkill switch tpacpi_bluetooth_sw: radio is unblocked
Dec 21 22:47:53 peter-x1c kernel: thinkpad_acpi: battery 1 registered (start 0, stop 100, behaviours: 0x7)
Dec 21 22:47:53 peter-x1c kernel: ACPI: battery: new extension: ThinkPad Battery Extension
Dec 21 22:47:53 peter-x1c kernel: input: ThinkPad Extra Buttons as /devices/platform/thinkpad_acpi/input/input5
Dec 21 22:47:53 peter-x1c kernel: e1000e 0000:00:1f.6 0000:00:1f.6 (uninitialized): registered PHC clock
Dec 21 22:47:53 peter-x1c kernel: Intel(R) Wireless WiFi driver for Linux
Dec 21 22:47:53 peter-x1c systemd[1]: First Boot Wizard was skipped because of an unmet condition check (ConditionFirstBoot=yes).
Dec 21 22:47:53 peter-x1c systemd[1]: First Boot Complete was skipped because of an unmet condition check (ConditionFirstBoot=yes).
Dec 21 22:47:53 peter-x1c systemd[1]: File System Check on Root Device was skipped because of an unmet condition check (ConditionPathIsReadWrite=!/).
Dec 21 22:47:53 peter-x1c systemd[1]: Rebuild Hardware Database was skipped because of an unmet condition check (ConditionNeedsUpdate=/etc).
Dec 21 22:47:53 peter-x1c systemd[1]: Repartition Root Disk was skipped because no trigger condition checks were met.
Dec 21 22:47:53 peter-x1c systemd[1]: Create System Users was skipped because no trigger condition checks were met.
Dec 21 22:47:53 peter-x1c kernel: e1000e 0000:00:1f.6 eth0: (PCI Express:2.5GT/s:Width x1) e8:6a:64:21:3d:ab
Dec 21 22:47:53 peter-x1c kernel: e1000e 0000:00:1f.6 eth0: Intel(R) PRO/1000 Network Connection
Dec 21 22:47:53 peter-x1c kernel: e1000e 0000:00:1f.6 eth0: MAC: 12, PHY: 12, PBA No: 1000FF-0FF
Dec 21 22:47:53 peter-x1c kernel: RAPL PMU: API unit is 2^-32 Joules, 5 fixed counters, 655360 ms ovfl timer
Dec 21 22:47:53 peter-x1c kernel: RAPL PMU: hw unit of domain pp0-core 2^-14 Joules
Dec 21 22:47:53 peter-x1c kernel: RAPL PMU: hw unit of domain package 2^-14 Joules
Dec 21 22:47:53 peter-x1c kernel: RAPL PMU: hw unit of domain dram 2^-14 Joules
Dec 21 22:47:53 peter-x1c kernel: RAPL PMU: hw unit of domain pp1-gpu 2^-14 Joules
Dec 21 22:47:53 peter-x1c kernel: RAPL PMU: hw unit of domain psys 2^-14 Joules
Dec 21 22:47:53 peter-x1c mtp-probe[364]: checking bus 1, device 5: "/sys/devices/pci0000:00/0000:00:14.0/usb1/1-9"
Dec 21 22:47:53 peter-x1c mtp-probe[364]: bus: 1, device: 5 was not an MTP device
Dec 21 22:47:53 peter-x1c kernel: iwlwifi 0000:02:00.0: loaded firmware version 36.ca7b901d.0 8265-36.ucode op_mode iwlmvm
Dec 21 22:47:53 peter-x1c kernel: wl: loading out-of-tree module taints kernel.
Dec 21 22:47:53 peter-x1c kernel: wl: module license 'MIXED/Proprietary' taints kernel.
Dec 21 22:47:53 peter-x1c kernel: Disabling lock debugging due to kernel taint
Dec 21 22:47:53 peter-x1c systemd-udevd[281]: vtcon0: Process '/usr/lib/systemd/systemd-vconsole-setup' failed with exit code 1.
Dec 21 22:47:53 peter-x1c kernel: wl: module verification failed: signature and/or required key missing - tainting kernel
Dec 21 22:47:53 peter-x1c systemd-udevd[281]: vtcon1: Process '/usr/lib/systemd/systemd-vconsole-setup' failed with exit code 1.
Dec 21 22:47:53 peter-x1c systemd-fsck[327]: /dev/nvme0n1p1: Clearing orphaned inode 3176491 (uid=1000, gid=1000, mode=0100600, size=54)
Dec 21 22:47:53 peter-x1c systemd-fsck[327]: /dev/nvme0n1p1: Clearing orphaned inode 3153221 (uid=1000, gid=1000, mode=0100644, size=7704)
Dec 21 22:47:53 peter-x1c systemd-fsck[327]: /dev/nvme0n1p1: Clearing orphaned inode 3181640 (uid=1000, gid=1000, mode=0100644, size=7704)
Dec 21 22:47:53 peter-x1c systemd-fsck[327]: /dev/nvme0n1p1: Clearing orphaned inode 3162912 (uid=1000, gid=1000, mode=0100644, size=7704)
Dec 21 22:47:53 peter-x1c systemd-fsck[327]: /dev/nvme0n1p1: Clearing orphaned inode 3191383 (uid=1000, gid=1000, mode=0100644, size=32768)
Dec 21 22:47:53 peter-x1c systemd-fsck[327]: /dev/nvme0n1p1: Clearing orphaned inode 3191382 (uid=1000, gid=1000, mode=0100600, size=344488)
Dec 21 22:47:53 peter-x1c systemd-fsck[327]: /dev/nvme0n1p1: Clearing orphaned inode 3165412 (uid=1000, gid=1000, mode=0100644, size=7704)
Dec 21 22:47:53 peter-x1c systemd-fsck[327]: /dev/nvme0n1p1: Clearing orphaned inode 3156704 (uid=1000, gid=1000, mode=0100644, size=32768)
Dec 21 22:47:53 peter-x1c systemd-fsck[327]: /dev/nvme0n1p1: Clearing orphaned inode 3150998 (uid=1000, gid=1000, mode=0100600, size=64)
Dec 21 22:47:53 peter-x1c systemd-fsck[327]: /dev/nvme0n1p1: Clearing orphaned inode 3180452 (uid=1000, gid=1000, mode=0100644, size=7704)
Dec 21 22:47:53 peter-x1c systemd-fsck[327]: /dev/nvme0n1p1: Clearing orphaned inode 3435945 (uid=1000, gid=1000, mode=0100644, size=0)
Dec 21 22:47:53 peter-x1c systemd-fsck[327]: /dev/nvme0n1p1: Clearing orphaned inode 3419740 (uid=1000, gid=1000, mode=0100644, size=0)
Dec 21 22:47:53 peter-x1c systemd-fsck[327]: /dev/nvme0n1p1: Clearing orphaned inode 3415620 (uid=1000, gid=1000, mode=0100644, size=0)
Dec 21 22:47:53 peter-x1c systemd-fsck[327]: /dev/nvme0n1p1: clean, 354345/9420800 files, 24059887/37681439 blocks
Dec 21 22:47:53 peter-x1c kernel: cryptd: max_cpu_qlen set to 1000
Dec 21 22:47:53 peter-x1c kernel: Console: switching to colour dummy device 80x25
Dec 21 22:47:53 peter-x1c kernel: i915 0000:00:02.0: vgaarb: deactivate vga console
Dec 21 22:47:53 peter-x1c kernel: i915 0000:00:02.0: vgaarb: changed VGA decodes: olddecodes=io+mem,decodes=io+mem:owns=io+mem
Dec 21 22:47:53 peter-x1c kernel: i915 0000:00:02.0: [drm] Finished loading DMC firmware i915/kbl_dmc_ver1_04.bin (v1.4)
Dec 21 22:47:53 peter-x1c kernel: i915 0000:00:02.0: [drm] Panel is missing HDR static metadata. Possible support for Intel HDR backlight interface is not used. If your backlight controls don't work try booting with i915.enable_dpcd_backlight=3. needs this, please file a _new_ bug report on drm/i915, see https://gitlab.freedesktop.org/drm/intel/-/wikis/How-to-file-i915-bugs for details.
Dec 21 22:47:53 peter-x1c kernel: i915 0000:00:02.0: [drm] [ENCODER:102:DDI B/PHY B] is disabled/in DSI mode with an ungated DDI clock, gate it
Dec 21 22:47:53 peter-x1c kernel: i915 0000:00:02.0: [drm] [ENCODER:118:DDI C/PHY C] is disabled/in DSI mode with an ungated DDI clock, gate it
Dec 21 22:47:53 peter-x1c kernel: AVX2 version of gcm_enc/dec engaged.
Dec 21 22:47:53 peter-x1c kernel: AES CTR mode by8 optimization enabled
Dec 21 22:47:53 peter-x1c kernel: [drm] Initialized i915 1.6.0 20201103 for 0000:00:02.0 on minor 0
Dec 21 22:47:53 peter-x1c kernel: ACPI: video: Video Device [GFX0] (multi-head: yes  rom: no  post: no)
Dec 21 22:47:53 peter-x1c kernel: input: Video Bus as /devices/LNXSYSTM:00/LNXSYBUS:00/PNP0A08:00/LNXVIDEO:00/input/input7
Dec 21 22:47:53 peter-x1c systemd[1]: Finished File System Check on /dev/disk/by-uuid/43888dae-ae8a-4cb2-871d-2885b1537752.
Dec 21 22:47:53 peter-x1c systemd[1]: Listening on Load/Save RF Kill Switch Status /dev/rfkill Watch.
Dec 21 22:47:53 peter-x1c systemd[1]: Mounting /home...
Dec 21 22:47:53 peter-x1c systemd[1]: Starting Load/Save RF Kill Switch Status...
Dec 21 22:47:53 peter-x1c kernel: intel_rapl_common: Found RAPL domain package
Dec 21 22:47:53 peter-x1c kernel: intel_rapl_common: Found RAPL domain core
Dec 21 22:47:53 peter-x1c kernel: intel_rapl_common: Found RAPL domain uncore
Dec 21 22:47:53 peter-x1c kernel: intel_rapl_common: Found RAPL domain dram
Dec 21 22:47:53 peter-x1c kernel: intel_rapl_common: Found RAPL domain psys
Dec 21 22:47:53 peter-x1c systemd[1]: Mounted /home.
Dec 21 22:47:53 peter-x1c kernel: EXT4-fs (nvme0n1p1): mounted filesystem with ordered data mode. Quota mode: none.
Dec 21 22:47:53 peter-x1c systemd[1]: Reached target Local File Systems.
Dec 21 22:47:53 peter-x1c systemd[1]: Rebuild Dynamic Linker Cache was skipped because no trigger condition checks were met.
Dec 21 22:47:53 peter-x1c systemd[1]: Starting Set Up Additional Binary Formats...
Dec 21 22:47:53 peter-x1c systemd[1]: Store a System Token in an EFI Variable was skipped because of an unmet condition check (ConditionPathExists=/sys/firmware/efi/efivars/LoaderFeatures-4a67b082-0a4c-41cf-b6c7-440b29bb8c4f).
Dec 21 22:47:53 peter-x1c systemd[1]: Commit a transient machine-id on disk was skipped because of an unmet condition check (ConditionPathIsMountPoint=/etc/machine-id).
Dec 21 22:47:53 peter-x1c systemd[1]: Starting Create Volatile Files and Directories...
Dec 21 22:47:54 peter-x1c systemd[1]: proc-sys-fs-binfmt_misc.automount: Got automount request for /proc/sys/fs/binfmt_misc, triggered by 442 (systemd-binfmt)
Dec 21 22:47:54 peter-x1c systemd[1]: Mounting Arbitrary Executable File Formats File System...
Dec 21 22:47:54 peter-x1c systemd[1]: Mounted Arbitrary Executable File Formats File System.
Dec 21 22:47:54 peter-x1c kernel: iTCO_vendor_support: vendor-support=0
Dec 21 22:47:54 peter-x1c systemd[1]: Finished Set Up Additional Binary Formats.
Dec 21 22:47:54 peter-x1c systemd-udevd[282]: cfg80211: Process '/usr/bin/set-wireless-regdom' failed with exit code 1.
Dec 21 22:47:54 peter-x1c kernel: fbcon: i915drmfb (fb0) is primary device
Dec 21 22:47:54 peter-x1c kernel: Console: switching to colour frame buffer device 240x67
Dec 21 22:47:54 peter-x1c kernel: usb 1-7: USB disconnect, device number 3
Dec 21 22:47:54 peter-x1c systemd[1]: Started Load/Save RF Kill Switch Status.
Dec 21 22:47:54 peter-x1c systemd[1]: Created slice Slice /system/systemd-backlight.
Dec 21 22:47:54 peter-x1c kernel: i915 0000:00:02.0: [drm] fb0: i915drmfb frame buffer device
Dec 21 22:47:54 peter-x1c kernel: mei_hdcp 0000:00:16.0-b638ab7e-94e2-4ea2-a552-d1c54b627f04: bound 0000:00:02.0 (ops i915_hdcp_component_ops [i915])
Dec 21 22:47:54 peter-x1c systemd[1]: Starting Load/Save Screen Backlight Brightness of leds:tpacpi::kbd_backlight...
Dec 21 22:47:54 peter-x1c kernel: e1000e 0000:00:1f.6 enp0s31f6: renamed from eth0
Dec 21 22:47:54 peter-x1c kernel: iTCO_wdt iTCO_wdt: Found a Intel PCH TCO device (Version=4, TCOBASE=0x0400)
Dec 21 22:47:54 peter-x1c mtp-probe[465]: checking bus 2, device 2: "/sys/devices/pci0000:00/0000:00:14.0/usb2/2-3"
Dec 21 22:47:54 peter-x1c mtp-probe[465]: bus: 2, device: 2 was not an MTP device
Dec 21 22:47:54 peter-x1c kernel: iTCO_wdt iTCO_wdt: initialized. heartbeat=30 sec (nowayout=0)
Dec 21 22:47:54 peter-x1c kernel: psmouse serio1: synaptics: queried max coordinates: x [..5676], y [..4760]
Dec 21 22:47:54 peter-x1c systemd[1]: Finished Load/Save Screen Backlight Brightness of leds:tpacpi::kbd_backlight.
Dec 21 22:47:54 peter-x1c kernel: iwlwifi 0000:02:00.0: Detected Intel(R) Dual Band Wireless AC 8265, REV=0x230
Dec 21 22:47:54 peter-x1c kernel: thermal thermal_zone5: failed to read out thermal zone (-61)
Dec 21 22:47:54 peter-x1c kernel: psmouse serio1: synaptics: queried min coordinates: x [1266..], y [1094..]
Dec 21 22:47:54 peter-x1c kernel: psmouse serio1: synaptics: Trying to set up SMBus access
Dec 21 22:47:54 peter-x1c systemd[1]: Starting Load/Save Screen Backlight Brightness of backlight:intel_backlight...
Dec 21 22:47:54 peter-x1c mtp-probe[486]: checking bus 1, device 2: "/sys/devices/pci0000:00/0000:00:14.0/usb1/1-1"
Dec 21 22:47:54 peter-x1c mtp-probe[486]: bus: 1, device: 2 was not an MTP device
Dec 21 22:47:54 peter-x1c systemd[1]: Rebuild Dynamic Linker Cache was skipped because no trigger condition checks were met.
Dec 21 22:47:54 peter-x1c systemd[1]: Store a System Token in an EFI Variable was skipped because of an unmet condition check (ConditionPathExists=/sys/firmware/efi/efivars/LoaderFeatures-4a67b082-0a4c-41cf-b6c7-440b29bb8c4f).
Dec 21 22:47:54 peter-x1c systemd[1]: First Boot Wizard was skipped because of an unmet condition check (ConditionFirstBoot=yes).
Dec 21 22:47:54 peter-x1c systemd[1]: First Boot Complete was skipped because of an unmet condition check (ConditionFirstBoot=yes).
Dec 21 22:47:54 peter-x1c systemd[1]: Rebuild Hardware Database was skipped because of an unmet condition check (ConditionNeedsUpdate=/etc).
Dec 21 22:47:54 peter-x1c systemd[1]: Commit a transient machine-id on disk was skipped because of an unmet condition check (ConditionPathIsMountPoint=/etc/machine-id).
Dec 21 22:47:54 peter-x1c systemd[1]: Repartition Root Disk was skipped because no trigger condition checks were met.
Dec 21 22:47:54 peter-x1c systemd[1]: Create System Users was skipped because no trigger condition checks were met.
Dec 21 22:47:54 peter-x1c mtp-probe[492]: checking bus 1, device 4: "/sys/devices/pci0000:00/0000:00:14.0/usb1/1-8"
Dec 21 22:47:54 peter-x1c mtp-probe[492]: bus: 1, device: 4 was not an MTP device
Dec 21 22:47:54 peter-x1c systemd[1]: Finished Create Volatile Files and Directories.
Dec 21 22:47:54 peter-x1c kernel: iwlwifi 0000:02:00.0: base HW address: 48:a4:72:9f:f7:4f, OTP minor version: 0x0
Dec 21 22:47:54 peter-x1c systemd[1]: Finished Load/Save Screen Backlight Brightness of backlight:intel_backlight.
Dec 21 22:47:54 peter-x1c kernel: snd_hda_intel 0000:00:1f.3: DSP detected with PCI class/subclass/prog-if info 0x040380
Dec 21 22:47:54 peter-x1c systemd[1]: Rebuild Journal Catalog was skipped because of an unmet condition check (ConditionNeedsUpdate=/var).
Dec 21 22:47:54 peter-x1c systemd[1]: Update is Completed was skipped because no trigger condition checks were met.
Dec 21 22:47:54 peter-x1c systemd[1]: Starting Record System Boot/Shutdown in UTMP...
Dec 21 22:47:54 peter-x1c systemd[1]: Rebuild Dynamic Linker Cache was skipped because no trigger condition checks were met.
Dec 21 22:47:54 peter-x1c systemd[1]: Store a System Token in an EFI Variable was skipped because of an unmet condition check (ConditionPathExists=/sys/firmware/efi/efivars/LoaderFeatures-4a67b082-0a4c-41cf-b6c7-440b29bb8c4f).
Dec 21 22:47:54 peter-x1c systemd[1]: First Boot Wizard was skipped because of an unmet condition check (ConditionFirstBoot=yes).
Dec 21 22:47:54 peter-x1c systemd[1]: First Boot Complete was skipped because of an unmet condition check (ConditionFirstBoot=yes).
Dec 21 22:47:54 peter-x1c systemd[1]: Rebuild Hardware Database was skipped because of an unmet condition check (ConditionNeedsUpdate=/etc).
Dec 21 22:47:54 peter-x1c systemd[1]: Rebuild Journal Catalog was skipped because of an unmet condition check (ConditionNeedsUpdate=/var).
Dec 21 22:47:54 peter-x1c systemd[1]: Commit a transient machine-id on disk was skipped because of an unmet condition check (ConditionPathIsMountPoint=/etc/machine-id).
Dec 21 22:47:54 peter-x1c systemd[1]: Repartition Root Disk was skipped because no trigger condition checks were met.
Dec 21 22:47:54 peter-x1c systemd[1]: Create System Users was skipped because no trigger condition checks were met.
Dec 21 22:47:54 peter-x1c systemd[1]: Update is Completed was skipped because no trigger condition checks were met.
Dec 21 22:47:54 peter-x1c systemd[1]: Finished Record System Boot/Shutdown in UTMP.
Dec 21 22:47:54 peter-x1c systemd[1]: Reached target System Initialization.
Dec 21 22:47:54 peter-x1c systemd[1]: Started CUPS Scheduler.
Dec 21 22:47:54 peter-x1c systemd[1]: Started Refresh existing PGP keys of archlinux-keyring regularly.
Dec 21 22:47:54 peter-x1c systemd[1]: Started Daily rotation of log files.
Dec 21 22:47:54 peter-x1c systemd[1]: Started Daily man-db regeneration.
Dec 21 22:47:54 peter-x1c systemd[1]: Started Monthly clean packages cache.
Dec 21 22:47:54 peter-x1c systemd[1]: Started Daily verification of password and group files.
Dec 21 22:47:54 peter-x1c systemd[1]: Started Daily Cleanup of Temporary Directories.
Dec 21 22:47:54 peter-x1c systemd[1]: Started Daily locate database update.
Dec 21 22:47:54 peter-x1c systemd[1]: Reached target Path Units.
Dec 21 22:47:54 peter-x1c kernel: ieee80211 phy0: Selected rate control algorithm 'iwl-mvm-rs'
Dec 21 22:47:54 peter-x1c systemd[1]: Reached target Timer Units.
Dec 21 22:47:54 peter-x1c systemd[1]: Listening on Avahi mDNS/DNS-SD Stack Activation Socket.
Dec 21 22:47:54 peter-x1c systemd[1]: Listening on CUPS Scheduler.
Dec 21 22:47:54 peter-x1c systemd[1]: Listening on D-Bus System Message Bus Socket.
Dec 21 22:47:54 peter-x1c systemd[1]: Reached target Socket Units.
Dec 21 22:47:54 peter-x1c systemd[1]: TPM2 PCR Barrier (Initialization) was skipped because of an unmet condition check (ConditionPathExists=/sys/firmware/efi/efivars/StubPcrKernelImage-4a67b082-0a4c-41cf-b6c7-440b29bb8c4f).
Dec 21 22:47:54 peter-x1c systemd[1]: Reached target Basic System.
Dec 21 22:47:54 peter-x1c kernel: iwlwifi 0000:02:00.0 wlp2s0: renamed from wlan0
Dec 21 22:47:54 peter-x1c kernel: rmi4_smbus 0-002c: registering SMbus-connected sensor
Dec 21 22:47:54 peter-x1c kernel: snd_hda_intel 0000:00:1f.3: bound 0000:00:02.0 (ops i915_audio_component_bind_ops [i915])
Dec 21 22:47:54 peter-x1c systemd[1]: Starting autorandr execution hook...
Dec 21 22:47:54 peter-x1c systemd[1]: Starting Avahi mDNS/DNS-SD Stack...
Dec 21 22:47:54 peter-x1c systemd[1]: Starting D-Bus System Message Bus...
Dec 21 22:47:54 peter-x1c systemd[1]: Started Sophisticated low memory handler.
Dec 21 22:47:54 peter-x1c kernel: rmi4_f01 rmi4-00.fn01: found RMI device, manufacturer: Synaptics, product: TM3289-021, fw id: 2698617
Dec 21 22:47:54 peter-x1c systemd[1]: Started python-validity driver dbus service.
Dec 21 22:47:54 peter-x1c systemd[1]: Starting User Login Management...
Dec 21 22:47:54 peter-x1c systemd[1]: TPM2 PCR Barrier (User) was skipped because of an unmet condition check (ConditionPathExists=/sys/firmware/efi/efivars/StubPcrKernelImage-4a67b082-0a4c-41cf-b6c7-440b29bb8c4f).
Dec 21 22:47:54 peter-x1c systemd-udevd[291]: could not read from '/sys/module/pcc_cpufreq/initstate': No such device
Dec 21 22:47:54 peter-x1c systemd[1]: Starting Wakeup Triggers...
Dec 21 22:47:54 peter-x1c tlp[469]: Warning: systemd-rfkill.service is not masked, radio device switching may not work as configured.
Dec 21 22:47:54 peter-x1c tlp[469]: >>> Invoke 'systemctl mask systemd-rfkill.service' to correct this.
Dec 21 22:47:54 peter-x1c systemd[1]: Finished Wakeup Triggers.
